******************************************************************************
                  TI ARM Linker PC v20.2.6                     
******************************************************************************
>> Linked Tue Feb 28 09:27:06 2023

OUTPUT FILE NAME:   <Lab3.out>
ENTRY POINT SYMBOL: "_c_int00_noargs"  address: 00003fa9


MEMORY CONFIGURATION

         name            origin    length      used     unused   attr    fill
----------------------  --------  ---------  --------  --------  ----  --------
  FLASH                 00000000   00040000  00004354  0003bcac  R  X
  SRAM                  20000000   00008000  00002366  00005c9a  RW X


SEGMENT ALLOCATION MAP

run origin  load origin   length   init length attrs members
----------  ----------- ---------- ----------- ----- -------
00000000    00000000    00004358   00004358    r-x
  00000000    00000000    0000026c   0000026c    r-- .intvecs
  0000026c    0000026c    00003f80   00003f80    r-x .text
  000041ec    000041ec    00000118   00000118    r-- .const
  00004308    00004308    00000050   00000050    r-- .cinit
20000000    20000000    0000236d   00000000    rw-
  20000000    20000000    0000026c   00000000    rw- .vtable
  20000270    20000270    00001000   00000000    rw- .stack
  20001270    20001270    00001000   00000000    rw- .sysmem
  20002270    20002270    000000bd   00000000    rw- .bss
  20002330    20002330    0000003d   00000000    rw- .data


SECTION ALLOCATION MAP

 output                                  attributes/
section   page    origin      length       input sections
--------  ----  ----------  ----------   ----------------
.intvecs   0    00000000    0000026c     
                  00000000    0000026c     tm4c123gh6pm_startup_ccs.obj (.intvecs)

.text      0    0000026c    00003f80     
                  0000026c    00000c20     open_interface.obj (.text)
                  00000e8c    00000a4e     rtsv7M4_T_le_v4SPD16_eabi.lib : _printfi.c.obj (.text:__TI_printfi)
                  000018da    00000002                                   : _lock.c.obj (.text:_nop)
                  000018dc    00000328     lcd.obj (.text)
                  00001c04    00000308     main.obj (.text)
                  00001f0c    00000270     rtsv7M4_T_le_v4SPD16_eabi.lib : _printfi.c.obj (.text:_pconv_a)
                  0000217c    00000260     libcybotScan.lib : cyBot_Scan.obj (.text)
                  000023dc    00000248     Timer.obj (.text)
                  00002624    000001ec     libcybotScan.lib : ping.obj (.text)
                  00002810    000001d0     rtsv7M4_T_le_v4SPD16_eabi.lib : _printfi.c.obj (.text:_pconv_g)
                  000029e0    000001b6                                   : fd_add_t2.asm.obj (.text)
                  00002b96    00000002                                   : div0.asm.obj (.text)
                  00002b98    0000015c     libcybotUART.lib : uart.obj (.text)
                  00002cf4    00000158     libcybotScan.lib : servo.obj (.text)
                  00002e4c    0000013c     rtsv7M4_T_le_v4SPD16_eabi.lib : _printfi.c.obj (.text:_pconv_e)
                  00002f88    00000136                                   : fd_div_t2.asm.obj (.text)
                  000030be    00000002     --HOLE-- [fill = 0]
                  000030c0    00000124                                   : _printfi.c.obj (.text:fcvt)
                  000031e4    00000118     libcybotScan.lib : ir.obj (.text)
                  000032fc    00000110     rtsv7M4_T_le_v4SPD16_eabi.lib : s_scalbn.c.obj (.text:scalbn)
                  0000340c    00000100                                   : memory.c.obj (.text:aligned_alloc)
                  0000350c    000000fc                                   : fd_mul_t2.asm.obj (.text)
                  00003608    000000e4                                   : memory.c.obj (.text:free)
                  000036ec    000000b1                                   : _printfi.c.obj (.text:_ltostr)
                  0000379d    00000001     --HOLE-- [fill = 0]
                  0000379e    0000009c                                   : memcpy_t2.asm.obj (.text)
                  0000383a    00000096                                   : ull_div_t2.asm.obj (.text)
                  000038d0    00000086                                   : fd_cmp_t2.asm.obj (.text:__aeabi_cdcmple)
                  00003956    00000086                                   : fd_cmp_t2.asm.obj (.text:__aeabi_cdrcmple)
                  000039dc    0000007a                                   : memset_t2.asm.obj (.text)
                  00003a56    00000002     --HOLE-- [fill = 0]
                  00003a58    00000070                                   : memory.c.obj (.text:split)
                  00003ac8    0000006e                                   : _printfi.c.obj (.text:_mcpy)
                  00003b36    0000006e                                   : fd_tos_t2.asm.obj (.text)
                  00003ba4    00000068                                   : copy_decompress_lzss.c.obj (.text:decompress:lzss:__TI_decompress_lzss)
                  00003c0c    00000064                                   : s_frexp.c.obj (.text:frexp)
                  00003c70    00000056                                   : _printfi.c.obj (.text:_pconv_f)
                  00003cc6    00000054                                   : _ltoa.c.obj (.text:__TI_ltoa)
                  00003d1a    00000052                                   : _printfi.c.obj (.text:_ecpy)
                  00003d6c    0000004c                                   : atoi.c.obj (.text:atoi)
                  00003db8    00000048                                   : fd_toi_t2.asm.obj (.text)
                  00003e00    00000044                                   : autoinit.c.obj (.text:__TI_auto_init_nobinit_nopinit:__TI_auto_init_nobinit_nopinit)
                  00003e44    00000040                                   : sprintf.c.obj (.text:sprintf)
                  00003e84    00000040                                   : vsnprintf.c.obj (.text:vsnprintf)
                  00003ec4    0000003e                                   : _printfi.c.obj (.text:_fcpy)
                  00003f02    00000002     --HOLE-- [fill = 0]
                  00003f04    00000038                                   : memory.c.obj (.text:calloc)
                  00003f3c    00000038                                   : fs_tod_t2.asm.obj (.text)
                  00003f74    00000034     driverlib.lib : interrupt.obj (.text:IntRegister)
                  00003fa8    00000034     rtsv7M4_T_le_v4SPD16_eabi.lib : boot_cortex_m.c.obj (.text:_c_int00_noargs:_c_int00_noargs)
                  00003fdc    00000030                                   : vsnprintf.c.obj (.text:_outs)
                  0000400c    0000002e                                   : i_tofd_t2.asm.obj (.text)
                  0000403a    00000002     --HOLE-- [fill = 0]
                  0000403c    00000028                                   : memory.c.obj (.text:free_list_insert)
                  00004064    0000001c                                   : copy_zero_init.c.obj (.text:decompress:ZI:__TI_zero_init_nomemset:__TI_zero_init_nomemset)
                  00004080    0000001c                                   : memory.c.obj (.text:free_list_remove)
                  0000409c    0000001c                                   : memccpy.c.obj (.text:memccpy)
                  000040b8    0000001a                                   : s_copysign.c.obj (.text:copysign)
                  000040d2    00000018                                   : vsnprintf.c.obj (.text:_outc)
                  000040ea    00000018                                   : sprintf.c.obj (.text:_outs)
                  00004102    00000018     open_interface.obj (.text:oi_parseInt)
                  0000411a    00000018     rtsv7M4_T_le_v4SPD16_eabi.lib : strcmp.c.obj (.text:strcmp)
                  00004132    00000016                                   : strchr.c.obj (.text:strchr)
                  00004148    00000014                                   : strcpy.c.obj (.text:strcpy)
                  0000415c    00000014                                   : strlen.c.obj (.text:strlen)
                  00004170    00000012                                   : wcslen.c.obj (.text:wcslen)
                  00004182    00000010     driverlib.lib : interrupt.obj (.text:IntMasterEnable)
                  00004192    00000010     lcd.obj (.text:lcd_clear)
                  000041a2    0000000e     rtsv7M4_T_le_v4SPD16_eabi.lib : copy_decompress_none.c.obj (.text:decompress:none:__TI_decompress_none)
                  000041b0    0000000c     driverlib.lib : cpu.obj (.text:CPUcpsie)
                  000041bc    0000000c     tm4c123gh6pm_startup_ccs.obj (.text)
                  000041c8    0000000a     rtsv7M4_T_le_v4SPD16_eabi.lib : sprintf.c.obj (.text:_outc)
                  000041d2    00000002     --HOLE-- [fill = 0]
                  000041d4    00000008                                   : errno.c.obj (.text:__aeabi_errno_addr)
                  000041dc    00000008                                   : memory.c.obj (.text:malloc)
                  000041e4    00000004                                   : pre_init.c.obj (.text:_system_pre_init)
                  000041e8    00000004                                   : exit.c.obj (.text:abort:abort)

.const     0    000041ec    00000118     
                  000041ec    00000101     rtsv7M4_T_le_v4SPD16_eabi.lib : ctype.c.obj (.const:.string:_ctypes_)
                  000042ed    0000000f     open_interface.obj (.const:.string:$P$T0$3)
                  000042fc    00000004     lcd.obj (.const:.string:lineAddress$1)
                  00004300    00000004     lcd.obj (.const:.string:lineAddresses$2)

.cinit     0    00004308    00000050     
                  00004308    00000019     (.cinit..data.load) [load image, compression = lzss]
                  00004321    00000003     --HOLE-- [fill = 0]
                  00004324    0000000c     (__TI_handler_table)
                  00004330    00000008     (.cinit..bss.load) [load image, compression = zero_init]
                  00004338    00000008     (.cinit..vtable.load) [load image, compression = zero_init]
                  00004340    00000018     (__TI_cinit_table)

.init_array 
*          0    00000000    00000000     UNINITIALIZED

.vtable    0    20000000    0000026c     UNINITIALIZED
                  20000000    0000026c     driverlib.lib : interrupt.obj (.vtable)

.stack     0    20000270    00001000     UNINITIALIZED
                  20000270    00000004     rtsv7M4_T_le_v4SPD16_eabi.lib : boot_cortex_m.c.obj (.stack)
                  20000274    00000ffc     --HOLE--

.sysmem    0    20001270    00001000     UNINITIALIZED
                  20001270    00000010     rtsv7M4_T_le_v4SPD16_eabi.lib : memory.c.obj (.sysmem)
                  20001280    00000ff0     --HOLE--

.bss       0    20002270    000000bd     UNINITIALIZED
                  20002270    00000054     lcd.obj (.bss:lastbuffer$3)
                  200022c4    00000034     (.common:isr_char_buffer)
                  200022f8    00000018     open_interface.obj (.bss:firmware$2)
                  20002310    00000004     (.common:_timeout_ticks)
                  20002314    00000004     (.common:fallingEdge)
                  20002318    00000004     (.common:isr_int_value)
                  2000231c    00000004     (.common:left_calibration_value)
                  20002320    00000004     (.common:pulseLength)
                  20002324    00000004     (.common:right_calibration_value)
                  20002328    00000004     (.common:risingEdge)
                  2000232c    00000001     (.common:isRisingEdge)

.data      0    20002330    0000003d     UNINITIALIZED
                  20002330    00000020     open_interface.obj (.data)
                  20002350    00000008     rtsv7M4_T_le_v4SPD16_eabi.lib : _lock.c.obj (.data:$O1$$)
                  20002358    00000008                                   : memory.c.obj (.data:$O1$$)
                  20002360    00000004     libcybotScan.lib : cyBot_Scan.obj (.data)
                  20002364    00000004     libcybotUART.lib : uart.obj (.data)
                  20002368    00000004     rtsv7M4_T_le_v4SPD16_eabi.lib : errno.c.obj (.data)
                  2000236c    00000001     Timer.obj (.data)

__llvm_prf_cnts 
*          0    20000000    00000000     UNINITIALIZED

MODULE SUMMARY

       Module                         code    ro data   rw data
       ------                         ----    -------   -------
    .\
       open_interface.obj             3128    15        56     
       lcd.obj                        824     8         84     
       main.obj                       776     0         8      
       tm4c123gh6pm_startup_ccs.obj   12      620       0      
       Timer.obj                      584     0         5      
    +--+------------------------------+-------+---------+---------+
       Total:                         5324    643       153    
                                                               
    ../libcybotScan.lib
       cyBot_Scan.obj                 608     0         4      
       ping.obj                       492     0         13     
       servo.obj                      344     0         0      
       ir.obj                         280     0         4      
    +--+------------------------------+-------+---------+---------+
       Total:                         1724    0         21     
                                                               
    ../libcybotUART.lib
       uart.obj                       348     0         56     
    +--+------------------------------+-------+---------+---------+
       Total:                         348     0         56     
                                                               
    C:/ti/TivaWare_C_Series-2.2.0.295/driverlib/ccs/Debug/driverlib.lib
       interrupt.obj                  68      0         620    
       cpu.obj                        12      0         0      
    +--+------------------------------+-------+---------+---------+
       Total:                         80      0         620    
                                                               
    C:\ti\ccs1200\ccs\tools\compiler\ti-cgt-arm_20.2.6.LTS\lib\rtsv7M4_T_le_v4SPD16_eabi.lib
       _printfi.c.obj                 4851    0         0      
       memory.c.obj                   728     0         8      
       fd_add_t2.asm.obj              438     0         0      
       fd_div_t2.asm.obj              310     0         0      
       s_scalbn.c.obj                 272     0         0      
       fd_cmp_t2.asm.obj              268     0         0      
       ctype.c.obj                    0       257       0      
       fd_mul_t2.asm.obj              252     0         0      
       memcpy_t2.asm.obj              156     0         0      
       ull_div_t2.asm.obj             150     0         0      
       vsnprintf.c.obj                136     0         0      
       memset_t2.asm.obj              122     0         0      
       fd_tos_t2.asm.obj              110     0         0      
       copy_decompress_lzss.c.obj     104     0         0      
       s_frexp.c.obj                  100     0         0      
       sprintf.c.obj                  98      0         0      
       _ltoa.c.obj                    84      0         0      
       atoi.c.obj                     76      0         0      
       fd_toi_t2.asm.obj              72      0         0      
       autoinit.c.obj                 68      0         0      
       fs_tod_t2.asm.obj              56      0         0      
       boot_cortex_m.c.obj            52      0         0      
       i_tofd_t2.asm.obj              46      0         0      
       copy_zero_init.c.obj           28      0         0      
       memccpy.c.obj                  28      0         0      
       s_copysign.c.obj               26      0         0      
       strcmp.c.obj                   24      0         0      
       strchr.c.obj                   22      0         0      
       strcpy.c.obj                   20      0         0      
       strlen.c.obj                   20      0         0      
       wcslen.c.obj                   18      0         0      
       copy_decompress_none.c.obj     14      0         0      
       errno.c.obj                    8       0         4      
       _lock.c.obj                    2       0         8      
       exit.c.obj                     4       0         0      
       pre_init.c.obj                 4       0         0      
       div0.asm.obj                   2       0         0      
    +--+------------------------------+-------+---------+---------+
       Total:                         8769    257       20     
                                                               
       Heap:                          0       0         4096   
       Stack:                         0       0         4096   
       Linker Generated:              0       77        0      
    +--+------------------------------+-------+---------+---------+
       Grand Total:                   16245   977       9062   


LINKER GENERATED COPY TABLES

__TI_cinit_table @ 00004340 records: 3, size/record: 8, table size: 24
	.data: load addr=00004308, load size=00000019 bytes, run addr=20002330, run size=0000003d bytes, compression=lzss
	.bss: load addr=00004330, load size=00000008 bytes, run addr=20002270, run size=000000bd bytes, compression=zero_init
	.vtable: load addr=00004338, load size=00000008 bytes, run addr=20000000, run size=0000026c bytes, compression=zero_init


LINKER GENERATED HANDLER TABLE

__TI_handler_table @ 00004324 records: 3, size/record: 4, table size: 12
	index: 0, handler: __TI_zero_init
	index: 1, handler: __TI_decompress_lzss
	index: 2, handler: __TI_decompress_none


GLOBAL SYMBOLS: SORTED ALPHABETICALLY BY Name 

address   name                          
-------   ----                          
0000327d  ADC0SS0_Handler               
000041e9  C$$EXIT                       
000041b1  CPUcpsie                      
00000bc3  GPIOF_Handler                 
00004183  IntMasterEnable               
00003f75  IntRegister                   
000041bd  ResetISR                      
00002715  TIMER3B_Handler               
20001270  __STACK_END                   
00001000  __STACK_SIZE                  
20000470  __STACK_TOP                   
00001000  __SYSMEM_SIZE                 
00004340  __TI_CINIT_Base               
00004358  __TI_CINIT_Limit              
00004324  __TI_Handler_Table_Base       
00004330  __TI_Handler_Table_Limit      
00003e01  __TI_auto_init_nobinit_nopinit
00003ba5  __TI_decompress_lzss          
000041a3  __TI_decompress_none          
00003cc7  __TI_ltoa                     
ffffffff  __TI_pprof_out_hndl           
00000e8d  __TI_printfi                  
ffffffff  __TI_prof_data_size           
ffffffff  __TI_prof_data_start          
00000000  __TI_static_base__            
00004065  __TI_zero_init_nomemset       
000038d1  __aeabi_cdcmpeq               
000038d1  __aeabi_cdcmple               
00003957  __aeabi_cdrcmple              
00003b37  __aeabi_d2f                   
00003db9  __aeabi_d2iz                  
000029eb  __aeabi_dadd                  
00002f89  __aeabi_ddiv                  
0000350d  __aeabi_dmul                  
000029e1  __aeabi_dsub                  
000041d5  __aeabi_errno_addr            
00003f3d  __aeabi_f2d                   
0000400d  __aeabi_i2d                   
00002b97  __aeabi_idiv0                 
00002b97  __aeabi_ldiv0                 
000039dd  __aeabi_memclr                
000039dd  __aeabi_memclr4               
000039dd  __aeabi_memclr8               
0000379f  __aeabi_memcpy                
0000379f  __aeabi_memcpy4               
0000379f  __aeabi_memcpy8               
000039df  __aeabi_memset                
000039df  __aeabi_memset4               
000039df  __aeabi_memset8               
0000383b  __aeabi_uldivmod              
ffffffff  __binit__                     
ffffffff  __c_args__                    
UNDEFED   __mpu_init                    
20000270  __stack                       
20000000  __start___llvm_prf_cnts       
20000000  __stop___llvm_prf_cnts        
00003fa9  _c_int00_noargs               
000041ec  _ctypes_                      
20002350  _lock                         
000018db  _nop                          
2000236c  _running                      
20001270  _sys_memory                   
UNDEFED   _system_post_cinit            
000041e5  _system_pre_init              
20002310  _timeout_ticks                
20002354  _unlock                       
000041e9  abort                         
0000340d  aligned_alloc                 
00003d6d  atoi                          
ffffffff  binit                         
00003f05  calloc                        
000040b9  copysign                      
000040b9  copysignl                     
00002255  cyBOT_SERVO_cal               
000021e3  cyBOT_Scan                    
0000218b  cyBOT_init_Scan               
20002360  cyBOT_scan_features           
0000217d  cyBOT_scan_version            
00002ca1  cyBot_UART1_Handler           
00002c87  cyBot_getByte                 
00002b99  cyBot_sendByte                
00002c69  cyBot_uart_flush              
00002bd7  cyBot_uart_init               
00002bbf  cyBot_uart_sendBuffer         
00002ba5  cyBot_uart_sendStr            
20002368  errno                         
20002314  fallingEdge                   
00003609  free                          
00003c0d  frexp                         
00003c0d  frexpl                        
20000000  g_pfnRAMVectors               
00000000  g_pfnVectors                  
0000097f  go_charge                     
00003293  ir_enableInterrupt            
00003275  ir_getDistance                
0000324d  ir_getValue                   
000031e5  ir_init                       
2000232c  isRisingEdge                  
200022c4  isr_char_buffer               
20002364  isr_counter                   
20002318  isr_int_value                 
00004193  lcd_clear                     
00001ab1  lcd_gotoLine                  
00001919  lcd_init                      
00001b17  lcd_printf                    
000019d9  lcd_putc                      
00001a11  lcd_puts                      
000018dd  lcd_reverseNibble             
00001a2f  lcd_sendCommand               
00001a6d  lcd_sendNibble                
00001ad9  lcd_setCursorPos              
000032fd  ldexp                         
000032fd  ldexpl                        
2000231c  left_calibration_value        
00001c05  main                          
000041dd  malloc                        
0000340d  memalign                      
0000409d  memccpy                       
0000379f  memcpy                        
000039e5  memset                        
20002330  motor_cal_factor_L            
20002334  motor_cal_factor_R            
0000026d  oi_alloc                      
00000aa9  oi_checkFirmware              
000002c7  oi_close                      
00000279  oi_free                       
00000ded  oi_getMotorCalibrationLeft    
00000e01  oi_getMotorCalibrationRight   
000002b1  oi_init                       
00000289  oi_init_noupdate              
00000915  oi_loadSong                   
00004103  oi_parseInt                   
0000032b  oi_parsePacket                
0000096b  oi_play_song                  
0000084b  oi_setLeds                    
00000db1  oi_setMotorCalibration        
0000088f  oi_setWheels                  
00000b51  oi_shutoff_init               
0000098d  oi_uartInit                   
00000a31  oi_uartReceive                
00000a77  oi_uartSendBuff               
00000a15  oi_uartSendChar               
00000a59  oi_uartSendStr                
000002d9  oi_update                     
00002767  ping_getDistance              
00002625  ping_init                     
000026ab  ping_trigger                  
20002320  pulseLength                   
20002324  right_calibration_value       
20002328  risingEdge                    
000032fd  scalbn                        
000032fd  scalbnl                       
00002cf5  servo_init                    
00002d85  servo_move                    
00002de5  servo_setPWM                  
00002d79  servo_stop                    
00003e45  sprintf                       
00004133  strchr                        
0000411b  strcmp                        
00004149  strcpy                        
0000415d  strlen                        
000024fb  timer_getMicros               
000024a3  timer_getMillis               
000023dd  timer_init                    
0000247f  timer_pause                   
00002491  timer_resume                  
00002455  timer_stop                    
00002555  timer_waitMicros              
00002587  timer_waitMillis              
00003e85  vsnprintf                     
00004171  wcslen                        


GLOBAL SYMBOLS: SORTED BY Symbol Address 

address   name                          
-------   ----                          
00000000  __TI_static_base__            
00000000  g_pfnVectors                  
0000026d  oi_alloc                      
00000279  oi_free                       
00000289  oi_init_noupdate              
000002b1  oi_init                       
000002c7  oi_close                      
000002d9  oi_update                     
0000032b  oi_parsePacket                
0000084b  oi_setLeds                    
0000088f  oi_setWheels                  
00000915  oi_loadSong                   
0000096b  oi_play_song                  
0000097f  go_charge                     
0000098d  oi_uartInit                   
00000a15  oi_uartSendChar               
00000a31  oi_uartReceive                
00000a59  oi_uartSendStr                
00000a77  oi_uartSendBuff               
00000aa9  oi_checkFirmware              
00000b51  oi_shutoff_init               
00000bc3  GPIOF_Handler                 
00000db1  oi_setMotorCalibration        
00000ded  oi_getMotorCalibrationLeft    
00000e01  oi_getMotorCalibrationRight   
00000e8d  __TI_printfi                  
00001000  __STACK_SIZE                  
00001000  __SYSMEM_SIZE                 
000018db  _nop                          
000018dd  lcd_reverseNibble             
00001919  lcd_init                      
000019d9  lcd_putc                      
00001a11  lcd_puts                      
00001a2f  lcd_sendCommand               
00001a6d  lcd_sendNibble                
00001ab1  lcd_gotoLine                  
00001ad9  lcd_setCursorPos              
00001b17  lcd_printf                    
00001c05  main                          
0000217d  cyBOT_scan_version            
0000218b  cyBOT_init_Scan               
000021e3  cyBOT_Scan                    
00002255  cyBOT_SERVO_cal               
000023dd  timer_init                    
00002455  timer_stop                    
0000247f  timer_pause                   
00002491  timer_resume                  
000024a3  timer_getMillis               
000024fb  timer_getMicros               
00002555  timer_waitMicros              
00002587  timer_waitMillis              
00002625  ping_init                     
000026ab  ping_trigger                  
00002715  TIMER3B_Handler               
00002767  ping_getDistance              
000029e1  __aeabi_dsub                  
000029eb  __aeabi_dadd                  
00002b97  __aeabi_idiv0                 
00002b97  __aeabi_ldiv0                 
00002b99  cyBot_sendByte                
00002ba5  cyBot_uart_sendStr            
00002bbf  cyBot_uart_sendBuffer         
00002bd7  cyBot_uart_init               
00002c69  cyBot_uart_flush              
00002c87  cyBot_getByte                 
00002ca1  cyBot_UART1_Handler           
00002cf5  servo_init                    
00002d79  servo_stop                    
00002d85  servo_move                    
00002de5  servo_setPWM                  
00002f89  __aeabi_ddiv                  
000031e5  ir_init                       
0000324d  ir_getValue                   
00003275  ir_getDistance                
0000327d  ADC0SS0_Handler               
00003293  ir_enableInterrupt            
000032fd  ldexp                         
000032fd  ldexpl                        
000032fd  scalbn                        
000032fd  scalbnl                       
0000340d  aligned_alloc                 
0000340d  memalign                      
0000350d  __aeabi_dmul                  
00003609  free                          
0000379f  __aeabi_memcpy                
0000379f  __aeabi_memcpy4               
0000379f  __aeabi_memcpy8               
0000379f  memcpy                        
0000383b  __aeabi_uldivmod              
000038d1  __aeabi_cdcmpeq               
000038d1  __aeabi_cdcmple               
00003957  __aeabi_cdrcmple              
000039dd  __aeabi_memclr                
000039dd  __aeabi_memclr4               
000039dd  __aeabi_memclr8               
000039df  __aeabi_memset                
000039df  __aeabi_memset4               
000039df  __aeabi_memset8               
000039e5  memset                        
00003b37  __aeabi_d2f                   
00003ba5  __TI_decompress_lzss          
00003c0d  frexp                         
00003c0d  frexpl                        
00003cc7  __TI_ltoa                     
00003d6d  atoi                          
00003db9  __aeabi_d2iz                  
00003e01  __TI_auto_init_nobinit_nopinit
00003e45  sprintf                       
00003e85  vsnprintf                     
00003f05  calloc                        
00003f3d  __aeabi_f2d                   
00003f75  IntRegister                   
00003fa9  _c_int00_noargs               
0000400d  __aeabi_i2d                   
00004065  __TI_zero_init_nomemset       
0000409d  memccpy                       
000040b9  copysign                      
000040b9  copysignl                     
00004103  oi_parseInt                   
0000411b  strcmp                        
00004133  strchr                        
00004149  strcpy                        
0000415d  strlen                        
00004171  wcslen                        
00004183  IntMasterEnable               
00004193  lcd_clear                     
000041a3  __TI_decompress_none          
000041b1  CPUcpsie                      
000041bd  ResetISR                      
000041d5  __aeabi_errno_addr            
000041dd  malloc                        
000041e5  _system_pre_init              
000041e9  C$$EXIT                       
000041e9  abort                         
000041ec  _ctypes_                      
00004324  __TI_Handler_Table_Base       
00004330  __TI_Handler_Table_Limit      
00004340  __TI_CINIT_Base               
00004358  __TI_CINIT_Limit              
20000000  __start___llvm_prf_cnts       
20000000  __stop___llvm_prf_cnts        
20000000  g_pfnRAMVectors               
20000270  __stack                       
20000470  __STACK_TOP                   
20001270  __STACK_END                   
20001270  _sys_memory                   
200022c4  isr_char_buffer               
20002310  _timeout_ticks                
20002314  fallingEdge                   
20002318  isr_int_value                 
2000231c  left_calibration_value        
20002320  pulseLength                   
20002324  right_calibration_value       
20002328  risingEdge                    
2000232c  isRisingEdge                  
20002330  motor_cal_factor_L            
20002334  motor_cal_factor_R            
20002350  _lock                         
20002354  _unlock                       
20002360  cyBOT_scan_features           
20002364  isr_counter                   
20002368  errno                         
2000236c  _running                      
ffffffff  __TI_pprof_out_hndl           
ffffffff  __TI_prof_data_size           
ffffffff  __TI_prof_data_start          
ffffffff  __binit__                     
ffffffff  __c_args__                    
ffffffff  binit                         
UNDEFED   __mpu_init                    
UNDEFED   _system_post_cinit            

[171 symbols]
