******************************************************************************
                  TI ARM Linker PC v20.2.6                     
******************************************************************************
>> Linked Tue Mar 28 11:06:27 2023

OUTPUT FILE NAME:   <Lab7.out>
ENTRY POINT SYMBOL: "_c_int00_noargs"  address: 000057dd


MEMORY CONFIGURATION

         name            origin    length      used     unused   attr    fill
----------------------  --------  ---------  --------  --------  ----  --------
  FLASH                 00000000   00040000  00005e03  0003a1fd  R  X
  SRAM                  20000000   00008000  00002366  00005c9a  RW X


SEGMENT ALLOCATION MAP

run origin  load origin   length   init length attrs members
----------  ----------- ---------- ----------- ----- -------
00000000    00000000    00005e08   00005e08    r-x
  00000000    00000000    0000026c   0000026c    r-- .intvecs
  0000026c    0000026c    000057b4   000057b4    r-x .text
  00005a20    00005a20    00000393   00000393    r-- .const
  00005db8    00005db8    00000050   00000050    r-- .cinit
20000000    20000000    0000236d   00000000    rw-
  20000000    20000000    0000026c   00000000    rw- .vtable
  20000270    20000270    00001000   00000000    rw- .stack
  20001270    20001270    00001000   00000000    rw- .sysmem
  20002270    20002270    000000bd   00000000    rw- .bss
  20002330    20002330    0000003d   00000000    rw- .data


SECTION ALLOCATION MAP

 output                                  attributes/
section   page    origin      length       input sections
--------  ----  ----------  ----------   ----------------
.intvecs   0    00000000    0000026c     
                  00000000    0000026c     tm4c123gh6pm_startup_ccs.obj (.intvecs)

.text      0    0000026c    000057b4     
                  0000026c    00000c20     open_interface.obj (.text)
                  00000e8c    00000a4e     rtsv7M4_T_le_v4SPD16_eabi.lib : _printfi.c.obj (.text:__TI_printfi)
                  000018da    00000002                                   : _lock.c.obj (.text:_nop)
                  000018dc    00000744     main.obj (.text)
                  00002020    00000738     rtsv7M4_T_le_v4SPD16_eabi.lib : k_rem_pio2.c.obj (.text:__kernel_rem_pio2)
                  00002758    00000508                                   : s_tan.c.obj (.text:tan)
                  00002c60    00000328     lcd.obj (.text)
                  00002f88    0000031c     rtsv7M4_T_le_v4SPD16_eabi.lib : k_tan.c.obj (.text:__kernel_tan)
                  000032a4    00000280     movement.obj (.text)
                  00003524    00000270     rtsv7M4_T_le_v4SPD16_eabi.lib : _printfi.c.obj (.text:_pconv_a)
                  00003794    00000260     libcybotScan.lib : cyBot_Scan.obj (.text)
                  000039f4    00000248     Timer.obj (.text)
                  00003c3c    000001ec     libcybotScan.lib : ping.obj (.text)
                  00003e28    000001d0     rtsv7M4_T_le_v4SPD16_eabi.lib : _printfi.c.obj (.text:_pconv_g)
                  00003ff8    000001b6                                   : fd_add_t2.asm.obj (.text)
                  000041ae    00000002                                   : div0.asm.obj (.text)
                  000041b0    0000015c     libcybotUART.lib : uart.obj (.text)
                  0000430c    00000158     libcybotScan.lib : servo.obj (.text)
                  00004464    0000013c     rtsv7M4_T_le_v4SPD16_eabi.lib : _printfi.c.obj (.text:_pconv_e)
                  000045a0    00000136                                   : fd_div_t2.asm.obj (.text)
                  000046d6    00000002     --HOLE-- [fill = 0]
                  000046d8    00000124                                   : _printfi.c.obj (.text:fcvt)
                  000047fc    00000124     uart.obj (.text)
                  00004920    00000118     libcybotScan.lib : ir.obj (.text)
                  00004a38    00000110     rtsv7M4_T_le_v4SPD16_eabi.lib : s_scalbn.c.obj (.text:scalbn)
                  00004b48    00000100                                   : memory.c.obj (.text:aligned_alloc)
                  00004c48    000000fc                                   : fd_mul_t2.asm.obj (.text)
                  00004d44    000000f8                                   : s_floor.c.obj (.text:floor)
                  00004e3c    000000e4                                   : memory.c.obj (.text:free)
                  00004f20    000000b1                                   : _printfi.c.obj (.text:_ltostr)
                  00004fd1    00000001     --HOLE-- [fill = 0]
                  00004fd2    0000009c                                   : memcpy_t2.asm.obj (.text)
                  0000506e    00000096                                   : ull_div_t2.asm.obj (.text)
                  00005104    00000086                                   : fd_cmp_t2.asm.obj (.text:__aeabi_cdcmple)
                  0000518a    00000086                                   : fd_cmp_t2.asm.obj (.text:__aeabi_cdrcmple)
                  00005210    0000007a                                   : memset_t2.asm.obj (.text)
                  0000528a    00000002     --HOLE-- [fill = 0]
                  0000528c    00000070                                   : memory.c.obj (.text:split)
                  000052fc    0000006e                                   : _printfi.c.obj (.text:_mcpy)
                  0000536a    0000006e                                   : fd_tos_t2.asm.obj (.text)
                  000053d8    00000068                                   : copy_decompress_lzss.c.obj (.text:decompress:lzss:__TI_decompress_lzss)
                  00005440    00000064                                   : s_frexp.c.obj (.text:frexp)
                  000054a4    00000056                                   : _printfi.c.obj (.text:_pconv_f)
                  000054fa    00000054                                   : _ltoa.c.obj (.text:__TI_ltoa)
                  0000554e    00000052                                   : _printfi.c.obj (.text:_ecpy)
                  000055a0    0000004c                                   : atoi.c.obj (.text:atoi)
                  000055ec    00000048                                   : fd_toi_t2.asm.obj (.text)
                  00005634    00000044                                   : autoinit.c.obj (.text:__TI_auto_init_nobinit_nopinit:__TI_auto_init_nobinit_nopinit)
                  00005678    00000040                                   : sprintf.c.obj (.text:sprintf)
                  000056b8    00000040                                   : vsnprintf.c.obj (.text:vsnprintf)
                  000056f8    0000003e                                   : _printfi.c.obj (.text:_fcpy)
                  00005736    00000002     --HOLE-- [fill = 0]
                  00005738    00000038                                   : memory.c.obj (.text:calloc)
                  00005770    00000038                                   : fs_tod_t2.asm.obj (.text)
                  000057a8    00000034     driverlib.lib : interrupt.obj (.text:IntRegister)
                  000057dc    00000034     rtsv7M4_T_le_v4SPD16_eabi.lib : boot_cortex_m.c.obj (.text:_c_int00_noargs:_c_int00_noargs)
                  00005810    00000030                                   : vsnprintf.c.obj (.text:_outs)
                  00005840    0000002e                                   : i_tofd_t2.asm.obj (.text)
                  0000586e    00000002     --HOLE-- [fill = 0]
                  00005870    00000028                                   : memory.c.obj (.text:free_list_insert)
                  00005898    0000001c                                   : copy_zero_init.c.obj (.text:decompress:ZI:__TI_zero_init_nomemset:__TI_zero_init_nomemset)
                  000058b4    0000001c                                   : memory.c.obj (.text:free_list_remove)
                  000058d0    0000001c                                   : memccpy.c.obj (.text:memccpy)
                  000058ec    0000001a                                   : s_copysign.c.obj (.text:copysign)
                  00005906    00000018                                   : vsnprintf.c.obj (.text:_outc)
                  0000591e    00000018                                   : sprintf.c.obj (.text:_outs)
                  00005936    00000018     open_interface.obj (.text:oi_parseInt)
                  0000594e    00000018     rtsv7M4_T_le_v4SPD16_eabi.lib : strcmp.c.obj (.text:strcmp)
                  00005966    00000016                                   : strchr.c.obj (.text:strchr)
                  0000597c    00000014                                   : strcpy.c.obj (.text:strcpy)
                  00005990    00000014                                   : strlen.c.obj (.text:strlen)
                  000059a4    00000012                                   : wcslen.c.obj (.text:wcslen)
                  000059b6    00000010     driverlib.lib : interrupt.obj (.text:IntMasterEnable)
                  000059c6    00000010     lcd.obj (.text:lcd_clear)
                  000059d6    0000000e     rtsv7M4_T_le_v4SPD16_eabi.lib : copy_decompress_none.c.obj (.text:decompress:none:__TI_decompress_none)
                  000059e4    0000000c     driverlib.lib : cpu.obj (.text:CPUcpsie)
                  000059f0    0000000c     tm4c123gh6pm_startup_ccs.obj (.text)
                  000059fc    0000000a     rtsv7M4_T_le_v4SPD16_eabi.lib : sprintf.c.obj (.text:_outc)
                  00005a06    00000002     --HOLE-- [fill = 0]
                  00005a08    00000008                                   : errno.c.obj (.text:__aeabi_errno_addr)
                  00005a10    00000008                                   : memory.c.obj (.text:malloc)
                  00005a18    00000004                                   : pre_init.c.obj (.text:_system_pre_init)
                  00005a1c    00000004                                   : exit.c.obj (.text:abort:abort)

.const     0    00005a20    00000393     
                  00005a20    00000158     rtsv7M4_T_le_v4SPD16_eabi.lib : k_rem_pio2.c.obj (.const:$O1$$)
                  00005b78    00000101                                   : ctype.c.obj (.const:.string:_ctypes_)
                  00005c79    00000004     lcd.obj (.const:.string:lineAddress$1)
                  00005c7d    00000003     --HOLE-- [fill = 0]
                  00005c80    00000080     rtsv7M4_T_le_v4SPD16_eabi.lib : k_tan.c.obj (.const:xxx)
                  00005d00    00000050     main.obj (.const:$P$T0$1)
                  00005d50    00000050     main.obj (.const:$P$T1$2)
                  00005da0    0000000f     open_interface.obj (.const:.string:$P$T0$3)
                  00005daf    00000004     lcd.obj (.const:.string:lineAddresses$2)

.cinit     0    00005db8    00000050     
                  00005db8    00000019     (.cinit..data.load) [load image, compression = lzss]
                  00005dd1    00000003     --HOLE-- [fill = 0]
                  00005dd4    0000000c     (__TI_handler_table)
                  00005de0    00000008     (.cinit..bss.load) [load image, compression = zero_init]
                  00005de8    00000008     (.cinit..vtable.load) [load image, compression = zero_init]
                  00005df0    00000018     (__TI_cinit_table)

.init_array 
*          0    00000000    00000000     UNINITIALIZED

.vtable    0    20000000    0000026c     UNINITIALIZED
                  20000000    0000026c     driverlib.lib : interrupt.obj (.vtable)

.stack     0    20000270    00001000     UNINITIALIZED
                  20000270    00000004     rtsv7M4_T_le_v4SPD16_eabi.lib : boot_cortex_m.c.obj (.stack)
                  20000274    00000ffc     --HOLE--

.sysmem    0    20001270    00001000     UNINITIALIZED
                  20001270    00000010     rtsv7M4_T_le_v4SPD16_eabi.lib : memory.c.obj (.sysmem)
                  20001280    00000ff0     --HOLE--

.bss       0    20002270    000000bd     UNINITIALIZED
                  20002270    00000054     lcd.obj (.bss:lastbuffer$3)
                  200022c4    00000034     (.common:isr_char_buffer)
                  200022f8    00000018     open_interface.obj (.bss:firmware$2)
                  20002310    00000004     (.common:_timeout_ticks)
                  20002314    00000004     (.common:fallingEdge)
                  20002318    00000004     (.common:isr_int_value)
                  2000231c    00000004     (.common:left_calibration_value)
                  20002320    00000004     (.common:pulseLength)
                  20002324    00000004     (.common:right_calibration_value)
                  20002328    00000004     (.common:risingEdge)
                  2000232c    00000001     (.common:isRisingEdge)

.data      0    20002330    0000003d     UNINITIALIZED
                  20002330    00000020     open_interface.obj (.data)
                  20002350    00000008     rtsv7M4_T_le_v4SPD16_eabi.lib : _lock.c.obj (.data:$O1$$)
                  20002358    00000008                                   : memory.c.obj (.data:$O1$$)
                  20002360    00000004     libcybotScan.lib : cyBot_Scan.obj (.data)
                  20002364    00000004     libcybotUART.lib : uart.obj (.data)
                  20002368    00000004     rtsv7M4_T_le_v4SPD16_eabi.lib : errno.c.obj (.data)
                  2000236c    00000001     Timer.obj (.data)

__llvm_prf_cnts 
*          0    20000000    00000000     UNINITIALIZED

MODULE SUMMARY

       Module                         code    ro data   rw data
       ------                         ----    -------   -------
    .\
       open_interface.obj             3128    15        56     
       main.obj                       1860    160       8      
       lcd.obj                        824     8         84     
       movement.obj                   640     0         0      
       tm4c123gh6pm_startup_ccs.obj   12      620       0      
       Timer.obj                      584     0         5      
       uart.obj                       292     0         0      
    +--+------------------------------+-------+---------+---------+
       Total:                         7340    803       153    
                                                               
    ../libcybotScan.lib
       cyBot_Scan.obj                 608     0         4      
       ping.obj                       492     0         13     
       servo.obj                      344     0         0      
       ir.obj                         280     0         4      
    +--+------------------------------+-------+---------+---------+
       Total:                         1724    0         21     
                                                               
    ../libcybotUART.lib
       uart.obj                       348     0         56     
    +--+------------------------------+-------+---------+---------+
       Total:                         348     0         56     
                                                               
    C:/ti/TivaWare_C_Series-2.2.0.295/driverlib/ccs/Debug/driverlib.lib
       interrupt.obj                  68      0         620    
       cpu.obj                        12      0         0      
    +--+------------------------------+-------+---------+---------+
       Total:                         80      0         620    
                                                               
    C:\ti\ccs1200\ccs\tools\compiler\ti-cgt-arm_20.2.6.LTS\lib\rtsv7M4_T_le_v4SPD16_eabi.lib
       _printfi.c.obj                 4851    0         0      
       k_rem_pio2.c.obj               1848    344       0      
       s_tan.c.obj                    1288    0         0      
       k_tan.c.obj                    796     128       0      
       memory.c.obj                   728     0         8      
       fd_add_t2.asm.obj              438     0         0      
       fd_div_t2.asm.obj              310     0         0      
       s_scalbn.c.obj                 272     0         0      
       fd_cmp_t2.asm.obj              268     0         0      
       ctype.c.obj                    0       257       0      
       fd_mul_t2.asm.obj              252     0         0      
       s_floor.c.obj                  248     0         0      
       memcpy_t2.asm.obj              156     0         0      
       ull_div_t2.asm.obj             150     0         0      
       vsnprintf.c.obj                136     0         0      
       memset_t2.asm.obj              122     0         0      
       fd_tos_t2.asm.obj              110     0         0      
       copy_decompress_lzss.c.obj     104     0         0      
       s_frexp.c.obj                  100     0         0      
       sprintf.c.obj                  98      0         0      
       _ltoa.c.obj                    84      0         0      
       atoi.c.obj                     76      0         0      
       fd_toi_t2.asm.obj              72      0         0      
       autoinit.c.obj                 68      0         0      
       fs_tod_t2.asm.obj              56      0         0      
       boot_cortex_m.c.obj            52      0         0      
       i_tofd_t2.asm.obj              46      0         0      
       copy_zero_init.c.obj           28      0         0      
       memccpy.c.obj                  28      0         0      
       s_copysign.c.obj               26      0         0      
       strcmp.c.obj                   24      0         0      
       strchr.c.obj                   22      0         0      
       strcpy.c.obj                   20      0         0      
       strlen.c.obj                   20      0         0      
       wcslen.c.obj                   18      0         0      
       copy_decompress_none.c.obj     14      0         0      
       errno.c.obj                    8       0         4      
       _lock.c.obj                    2       0         8      
       exit.c.obj                     4       0         0      
       pre_init.c.obj                 4       0         0      
       div0.asm.obj                   2       0         0      
    +--+------------------------------+-------+---------+---------+
       Total:                         12949   729       20     
                                                               
       Heap:                          0       0         4096   
       Stack:                         0       0         4096   
       Linker Generated:              0       77        0      
    +--+------------------------------+-------+---------+---------+
       Grand Total:                   22441   1609      9062   


LINKER GENERATED COPY TABLES

__TI_cinit_table @ 00005df0 records: 3, size/record: 8, table size: 24
	.data: load addr=00005db8, load size=00000019 bytes, run addr=20002330, run size=0000003d bytes, compression=lzss
	.bss: load addr=00005de0, load size=00000008 bytes, run addr=20002270, run size=000000bd bytes, compression=zero_init
	.vtable: load addr=00005de8, load size=00000008 bytes, run addr=20000000, run size=0000026c bytes, compression=zero_init


LINKER GENERATED HANDLER TABLE

__TI_handler_table @ 00005dd4 records: 3, size/record: 4, table size: 12
	index: 0, handler: __TI_zero_init
	index: 1, handler: __TI_decompress_lzss
	index: 2, handler: __TI_decompress_none


GLOBAL SYMBOLS: SORTED ALPHABETICALLY BY Name 

address   name                          
-------   ----                          
000049b9  ADC0SS0_Handler               
00005a1d  C$$EXIT                       
000059e5  CPUcpsie                      
00000bc3  GPIOF_Handler                 
000059b7  IntMasterEnable               
000057a9  IntRegister                   
000059f1  ResetISR                      
00003d2d  TIMER3B_Handler               
20001270  __STACK_END                   
00001000  __STACK_SIZE                  
20000470  __STACK_TOP                   
00001000  __SYSMEM_SIZE                 
00005df0  __TI_CINIT_Base               
00005e08  __TI_CINIT_Limit              
00005dd4  __TI_Handler_Table_Base       
00005de0  __TI_Handler_Table_Limit      
00005635  __TI_auto_init_nobinit_nopinit
000053d9  __TI_decompress_lzss          
000059d7  __TI_decompress_none          
000054fb  __TI_ltoa                     
ffffffff  __TI_pprof_out_hndl           
00000e8d  __TI_printfi                  
ffffffff  __TI_prof_data_size           
ffffffff  __TI_prof_data_start          
00000000  __TI_static_base__            
00005899  __TI_zero_init_nomemset       
00005105  __aeabi_cdcmpeq               
00005105  __aeabi_cdcmple               
0000518b  __aeabi_cdrcmple              
0000536b  __aeabi_d2f                   
000055ed  __aeabi_d2iz                  
00004003  __aeabi_dadd                  
000045a1  __aeabi_ddiv                  
00004c49  __aeabi_dmul                  
00003ff9  __aeabi_dsub                  
00005a09  __aeabi_errno_addr            
00005771  __aeabi_f2d                   
00005841  __aeabi_i2d                   
000041af  __aeabi_idiv0                 
000041af  __aeabi_ldiv0                 
00005211  __aeabi_memclr                
00005211  __aeabi_memclr4               
00005211  __aeabi_memclr8               
00004fd3  __aeabi_memcpy                
00004fd3  __aeabi_memcpy4               
00004fd3  __aeabi_memcpy8               
00005213  __aeabi_memset                
00005213  __aeabi_memset4               
00005213  __aeabi_memset8               
0000506f  __aeabi_uldivmod              
ffffffff  __binit__                     
ffffffff  __c_args__                    
00002021  __kernel_rem_pio2             
00002f89  __kernel_tan                  
UNDEFED   __mpu_init                    
20000270  __stack                       
20000000  __start___llvm_prf_cnts       
20000000  __stop___llvm_prf_cnts        
000057dd  _c_int00_noargs               
00005b78  _ctypes_                      
20002350  _lock                         
000018db  _nop                          
2000236c  _running                      
20001270  _sys_memory                   
UNDEFED   _system_post_cinit            
00005a19  _system_pre_init              
20002310  _timeout_ticks                
20002354  _unlock                       
00005a1d  abort                         
00004b49  aligned_alloc                 
000055a1  atoi                          
ffffffff  binit                         
00005739  calloc                        
000058ed  copysign                      
000058ed  copysignl                     
0000386d  cyBOT_SERVO_cal               
000037fb  cyBOT_Scan                    
000037a3  cyBOT_init_Scan               
20002360  cyBOT_scan_features           
00003795  cyBOT_scan_version            
000042b9  cyBot_UART1_Handler           
0000429f  cyBot_getByte                 
000041b1  cyBot_sendByte                
00004281  cyBot_uart_flush              
000041ef  cyBot_uart_init               
000041d7  cyBot_uart_sendBuffer         
000041bd  cyBot_uart_sendStr            
20002368  errno                         
20002314  fallingEdge                   
00004d45  floor                         
00004d45  floorl                        
00004e3d  free                          
00005441  frexp                         
00005441  frexpl                        
20000000  g_pfnRAMVectors               
00000000  g_pfnVectors                  
0000097f  go_charge                     
000049cf  ir_enableInterrupt            
000049b1  ir_getDistance                
00004989  ir_getValue                   
00004921  ir_init                       
2000232c  isRisingEdge                  
200022c4  isr_char_buffer               
20002364  isr_counter                   
20002318  isr_int_value                 
000059c7  lcd_clear                     
00002e35  lcd_gotoLine                  
00002c9d  lcd_init                      
00002e9b  lcd_printf                    
00002d5d  lcd_putc                      
00002d95  lcd_puts                      
00002c61  lcd_reverseNibble             
00002db3  lcd_sendCommand               
00002df1  lcd_sendNibble                
00002e5d  lcd_setCursorPos              
00004a39  ldexp                         
00004a39  ldexpl                        
2000231c  left_calibration_value        
000018dd  main                          
00005a11  malloc                        
00004b49  memalign                      
000058d1  memccpy                       
00004fd3  memcpy                        
00005219  memset                        
20002330  motor_cal_factor_L            
20002334  motor_cal_factor_R            
0000348b  move_backward                 
000032a5  move_forward                  
0000026d  oi_alloc                      
00000aa9  oi_checkFirmware              
000002c7  oi_close                      
00000279  oi_free                       
00000ded  oi_getMotorCalibrationLeft    
00000e01  oi_getMotorCalibrationRight   
000002b1  oi_init                       
00000289  oi_init_noupdate              
00000915  oi_loadSong                   
00005937  oi_parseInt                   
0000032b  oi_parsePacket                
0000096b  oi_play_song                  
0000084b  oi_setLeds                    
00000db1  oi_setMotorCalibration        
0000088f  oi_setWheels                  
00000b51  oi_shutoff_init               
0000098d  oi_uartInit                   
00000a31  oi_uartReceive                
00000a77  oi_uartSendBuff               
00000a15  oi_uartSendChar               
00000a59  oi_uartSendStr                
000002d9  oi_update                     
00003d7f  ping_getDistance              
00003c3d  ping_init                     
00003cc3  ping_trigger                  
20002320  pulseLength                   
20002324  right_calibration_value       
20002328  risingEdge                    
00004a39  scalbn                        
00004a39  scalbnl                       
0000430d  servo_init                    
0000439d  servo_move                    
000043fd  servo_setPWM                  
00004391  servo_stop                    
00005679  sprintf                       
00005967  strchr                        
0000594f  strcmp                        
0000597d  strcpy                        
00005991  strlen                        
00002759  tan                           
00002759  tanl                          
00003b13  timer_getMicros               
00003abb  timer_getMillis               
000039f5  timer_init                    
00003a97  timer_pause                   
00003aa9  timer_resume                  
00003a6d  timer_stop                    
00003b6d  timer_waitMicros              
00003b9f  timer_waitMillis              
00003425  turn_left                     
000033bf  turn_right                    
000047fd  uart_init                     
000048af  uart_receive_nonblocking      
00004893  uart_sendChar                 
000048d5  uart_sendStr                  
000056b9  vsnprintf                     
000059a5  wcslen                        


GLOBAL SYMBOLS: SORTED BY Symbol Address 

address   name                          
-------   ----                          
00000000  __TI_static_base__            
00000000  g_pfnVectors                  
0000026d  oi_alloc                      
00000279  oi_free                       
00000289  oi_init_noupdate              
000002b1  oi_init                       
000002c7  oi_close                      
000002d9  oi_update                     
0000032b  oi_parsePacket                
0000084b  oi_setLeds                    
0000088f  oi_setWheels                  
00000915  oi_loadSong                   
0000096b  oi_play_song                  
0000097f  go_charge                     
0000098d  oi_uartInit                   
00000a15  oi_uartSendChar               
00000a31  oi_uartReceive                
00000a59  oi_uartSendStr                
00000a77  oi_uartSendBuff               
00000aa9  oi_checkFirmware              
00000b51  oi_shutoff_init               
00000bc3  GPIOF_Handler                 
00000db1  oi_setMotorCalibration        
00000ded  oi_getMotorCalibrationLeft    
00000e01  oi_getMotorCalibrationRight   
00000e8d  __TI_printfi                  
00001000  __STACK_SIZE                  
00001000  __SYSMEM_SIZE                 
000018db  _nop                          
000018dd  main                          
00002021  __kernel_rem_pio2             
00002759  tan                           
00002759  tanl                          
00002c61  lcd_reverseNibble             
00002c9d  lcd_init                      
00002d5d  lcd_putc                      
00002d95  lcd_puts                      
00002db3  lcd_sendCommand               
00002df1  lcd_sendNibble                
00002e35  lcd_gotoLine                  
00002e5d  lcd_setCursorPos              
00002e9b  lcd_printf                    
00002f89  __kernel_tan                  
000032a5  move_forward                  
000033bf  turn_right                    
00003425  turn_left                     
0000348b  move_backward                 
00003795  cyBOT_scan_version            
000037a3  cyBOT_init_Scan               
000037fb  cyBOT_Scan                    
0000386d  cyBOT_SERVO_cal               
000039f5  timer_init                    
00003a6d  timer_stop                    
00003a97  timer_pause                   
00003aa9  timer_resume                  
00003abb  timer_getMillis               
00003b13  timer_getMicros               
00003b6d  timer_waitMicros              
00003b9f  timer_waitMillis              
00003c3d  ping_init                     
00003cc3  ping_trigger                  
00003d2d  TIMER3B_Handler               
00003d7f  ping_getDistance              
00003ff9  __aeabi_dsub                  
00004003  __aeabi_dadd                  
000041af  __aeabi_idiv0                 
000041af  __aeabi_ldiv0                 
000041b1  cyBot_sendByte                
000041bd  cyBot_uart_sendStr            
000041d7  cyBot_uart_sendBuffer         
000041ef  cyBot_uart_init               
00004281  cyBot_uart_flush              
0000429f  cyBot_getByte                 
000042b9  cyBot_UART1_Handler           
0000430d  servo_init                    
00004391  servo_stop                    
0000439d  servo_move                    
000043fd  servo_setPWM                  
000045a1  __aeabi_ddiv                  
000047fd  uart_init                     
00004893  uart_sendChar                 
000048af  uart_receive_nonblocking      
000048d5  uart_sendStr                  
00004921  ir_init                       
00004989  ir_getValue                   
000049b1  ir_getDistance                
000049b9  ADC0SS0_Handler               
000049cf  ir_enableInterrupt            
00004a39  ldexp                         
00004a39  ldexpl                        
00004a39  scalbn                        
00004a39  scalbnl                       
00004b49  aligned_alloc                 
00004b49  memalign                      
00004c49  __aeabi_dmul                  
00004d45  floor                         
00004d45  floorl                        
00004e3d  free                          
00004fd3  __aeabi_memcpy                
00004fd3  __aeabi_memcpy4               
00004fd3  __aeabi_memcpy8               
00004fd3  memcpy                        
0000506f  __aeabi_uldivmod              
00005105  __aeabi_cdcmpeq               
00005105  __aeabi_cdcmple               
0000518b  __aeabi_cdrcmple              
00005211  __aeabi_memclr                
00005211  __aeabi_memclr4               
00005211  __aeabi_memclr8               
00005213  __aeabi_memset                
00005213  __aeabi_memset4               
00005213  __aeabi_memset8               
00005219  memset                        
0000536b  __aeabi_d2f                   
000053d9  __TI_decompress_lzss          
00005441  frexp                         
00005441  frexpl                        
000054fb  __TI_ltoa                     
000055a1  atoi                          
000055ed  __aeabi_d2iz                  
00005635  __TI_auto_init_nobinit_nopinit
00005679  sprintf                       
000056b9  vsnprintf                     
00005739  calloc                        
00005771  __aeabi_f2d                   
000057a9  IntRegister                   
000057dd  _c_int00_noargs               
00005841  __aeabi_i2d                   
00005899  __TI_zero_init_nomemset       
000058d1  memccpy                       
000058ed  copysign                      
000058ed  copysignl                     
00005937  oi_parseInt                   
0000594f  strcmp                        
00005967  strchr                        
0000597d  strcpy                        
00005991  strlen                        
000059a5  wcslen                        
000059b7  IntMasterEnable               
000059c7  lcd_clear                     
000059d7  __TI_decompress_none          
000059e5  CPUcpsie                      
000059f1  ResetISR                      
00005a09  __aeabi_errno_addr            
00005a11  malloc                        
00005a19  _system_pre_init              
00005a1d  C$$EXIT                       
00005a1d  abort                         
00005b78  _ctypes_                      
00005dd4  __TI_Handler_Table_Base       
00005de0  __TI_Handler_Table_Limit      
00005df0  __TI_CINIT_Base               
00005e08  __TI_CINIT_Limit              
20000000  __start___llvm_prf_cnts       
20000000  __stop___llvm_prf_cnts        
20000000  g_pfnRAMVectors               
20000270  __stack                       
20000470  __STACK_TOP                   
20001270  __STACK_END                   
20001270  _sys_memory                   
200022c4  isr_char_buffer               
20002310  _timeout_ticks                
20002314  fallingEdge                   
20002318  isr_int_value                 
2000231c  left_calibration_value        
20002320  pulseLength                   
20002324  right_calibration_value       
20002328  risingEdge                    
2000232c  isRisingEdge                  
20002330  motor_cal_factor_L            
20002334  motor_cal_factor_R            
20002350  _lock                         
20002354  _unlock                       
20002360  cyBOT_scan_features           
20002364  isr_counter                   
20002368  errno                         
2000236c  _running                      
ffffffff  __TI_pprof_out_hndl           
ffffffff  __TI_prof_data_size           
ffffffff  __TI_prof_data_start          
ffffffff  __binit__                     
ffffffff  __c_args__                    
ffffffff  binit                         
UNDEFED   __mpu_init                    
UNDEFED   _system_post_cinit            

[185 symbols]
