******************************************************************************
                  TI ARM Linker PC v20.2.6                     
******************************************************************************
>> Linked Mon Jan 30 10:51:18 2023

OUTPUT FILE NAME:   <Lab_1.out>
ENTRY POINT SYMBOL: "_c_int00_noargs"  address: 00002571


MEMORY CONFIGURATION

         name            origin    length      used     unused   attr    fill
----------------------  --------  ---------  --------  --------  ----  --------
  FLASH                 00000000   00040000  0000288f  0003d771  R  X
  SRAM                  20000000   00008000  000012c9  00006d37  RW X


SEGMENT ALLOCATION MAP

run origin  load origin   length   init length attrs members
----------  ----------- ---------- ----------- ----- -------
00000000    00000000    00002890   00002890    r-x
  00000000    00000000    0000026c   0000026c    r-- .intvecs
  0000026c    0000026c    000024a4   000024a4    r-x .text
  00002710    00002710    0000013f   0000013f    r-- .const
  00002850    00002850    00000040   00000040    r-- .cinit
20000000    20000000    000012cd   00000000    rw-
  20000000    20000000    0000026c   00000000    rw- .vtable
  20000270    20000270    00001000   00000000    rw- .stack
  20001270    20001270    00000058   00000000    rw- .bss
  200012c8    200012c8    00000005   00000000    rw- .data


SECTION ALLOCATION MAP

 output                                  attributes/
section   page    origin      length       input sections
--------  ----  ----------  ----------   ----------------
.intvecs   0    00000000    0000026c     
                  00000000    0000026c     tm4c123gh6pm_startup_ccs.obj (.intvecs)

.text      0    0000026c    000024a4     
                  0000026c    00000a4e     rtsv7M4_T_le_v4SPD16_eabi.lib : _printfi.c.obj (.text:__TI_printfi)
                  00000cba    00000002                                   : div0.asm.obj (.text)
                  00000cbc    00000328     lcd.obj (.text)
                  00000fe4    00000270     rtsv7M4_T_le_v4SPD16_eabi.lib : _printfi.c.obj (.text:_pconv_a)
                  00001254    00000248     Timer.obj (.text)
                  0000149c    000001d0     rtsv7M4_T_le_v4SPD16_eabi.lib : _printfi.c.obj (.text:_pconv_g)
                  0000166c    000001b6                                   : fd_add_t2.asm.obj (.text)
                  00001822    00000002     --HOLE-- [fill = 0]
                  00001824    0000013c                                   : _printfi.c.obj (.text:_pconv_e)
                  00001960    00000136                                   : fd_div_t2.asm.obj (.text)
                  00001a96    00000002     --HOLE-- [fill = 0]
                  00001a98    00000124                                   : _printfi.c.obj (.text:fcvt)
                  00001bbc    00000110                                   : s_scalbn.c.obj (.text:scalbn)
                  00001ccc    000000fc                                   : fd_mul_t2.asm.obj (.text)
                  00001dc8    000000b1                                   : _printfi.c.obj (.text:_ltostr)
                  00001e79    00000001     --HOLE-- [fill = 0]
                  00001e7a    0000009c                                   : memcpy_t2.asm.obj (.text)
                  00001f16    00000096                                   : ull_div_t2.asm.obj (.text)
                  00001fac    00000086                                   : fd_cmp_t2.asm.obj (.text:__aeabi_cdcmple)
                  00002032    00000086                                   : fd_cmp_t2.asm.obj (.text:__aeabi_cdrcmple)
                  000020b8    0000007a                                   : memset_t2.asm.obj (.text)
                  00002132    00000002     --HOLE-- [fill = 0]
                  00002134    00000078     helloworld.obj (.text)
                  000021ac    0000006e     rtsv7M4_T_le_v4SPD16_eabi.lib : _printfi.c.obj (.text:_mcpy)
                  0000221a    00000068                                   : copy_decompress_lzss.c.obj (.text:decompress:lzss:__TI_decompress_lzss)
                  00002282    00000002     --HOLE-- [fill = 0]
                  00002284    00000064                                   : s_frexp.c.obj (.text:frexp)
                  000022e8    00000056                                   : _printfi.c.obj (.text:_pconv_f)
                  0000233e    00000054                                   : _ltoa.c.obj (.text:__TI_ltoa)
                  00002392    00000052                                   : _printfi.c.obj (.text:_ecpy)
                  000023e4    0000004c                                   : atoi.c.obj (.text:atoi)
                  00002430    00000048                                   : fd_toi_t2.asm.obj (.text)
                  00002478    00000044                                   : autoinit.c.obj (.text:__TI_auto_init_nobinit_nopinit:__TI_auto_init_nobinit_nopinit)
                  000024bc    00000040                                   : vsnprintf.c.obj (.text:vsnprintf)
                  000024fc    0000003e                                   : _printfi.c.obj (.text:_fcpy)
                  0000253a    00000002     --HOLE-- [fill = 0]
                  0000253c    00000034     driverlib.lib : interrupt.obj (.text:IntRegister)
                  00002570    00000034     rtsv7M4_T_le_v4SPD16_eabi.lib : boot_cortex_m.c.obj (.text:_c_int00_noargs:_c_int00_noargs)
                  000025a4    00000030                                   : vsnprintf.c.obj (.text:_outs)
                  000025d4    0000002e                                   : i_tofd_t2.asm.obj (.text)
                  00002602    0000001c                                   : copy_zero_init.c.obj (.text:decompress:ZI:__TI_zero_init_nomemset:__TI_zero_init_nomemset)
                  0000261e    0000001c                                   : memccpy.c.obj (.text:memccpy)
                  0000263a    0000001a                                   : s_copysign.c.obj (.text:copysign)
                  00002654    00000018                                   : vsnprintf.c.obj (.text:_outc)
                  0000266c    00000018                                   : strcmp.c.obj (.text:strcmp)
                  00002684    00000016                                   : strchr.c.obj (.text:strchr)
                  0000269a    00000014                                   : strcpy.c.obj (.text:strcpy)
                  000026ae    00000014                                   : strlen.c.obj (.text:strlen)
                  000026c2    00000012                                   : wcslen.c.obj (.text:wcslen)
                  000026d4    00000010     lcd.obj (.text:lcd_clear)
                  000026e4    0000000e     rtsv7M4_T_le_v4SPD16_eabi.lib : copy_decompress_none.c.obj (.text:decompress:none:__TI_decompress_none)
                  000026f2    0000000c     tm4c123gh6pm_startup_ccs.obj (.text)
                  000026fe    00000002     --HOLE-- [fill = 0]
                  00002700    00000008     rtsv7M4_T_le_v4SPD16_eabi.lib : errno.c.obj (.text:__aeabi_errno_addr)
                  00002708    00000004                                   : pre_init.c.obj (.text:_system_pre_init)
                  0000270c    00000004                                   : exit.c.obj (.text:abort:abort)

.const     0    00002710    0000013f     
                  00002710    00000101     rtsv7M4_T_le_v4SPD16_eabi.lib : ctype.c.obj (.const:.string:_ctypes_)
                  00002811    00000036     helloworld.obj (.const:.string:$P$T0$1)
                  00002847    00000004     lcd.obj (.const:.string:lineAddress$1)
                  0000284b    00000004     lcd.obj (.const:.string:lineAddresses$2)

.cinit     0    00002850    00000040     
                  00002850    0000000c     (__TI_handler_table)
                  0000285c    00000004     --HOLE-- [fill = 0]
                  00002860    00000008     (.cinit..bss.load) [load image, compression = zero_init]
                  00002868    00000008     (.cinit..vtable.load) [load image, compression = zero_init]
                  00002870    00000007     (.cinit..data.load) [load image, compression = lzss]
                  00002877    00000001     --HOLE-- [fill = 0]
                  00002878    00000018     (__TI_cinit_table)

.init_array 
*          0    00000000    00000000     UNINITIALIZED

.vtable    0    20000000    0000026c     UNINITIALIZED
                  20000000    0000026c     driverlib.lib : interrupt.obj (.vtable)

.bss       0    20001270    00000058     UNINITIALIZED
                  20001270    00000054     lcd.obj (.bss:lastbuffer$3)
                  200012c4    00000004     (.common:_timeout_ticks)

.data      0    200012c8    00000005     UNINITIALIZED
                  200012c8    00000004     rtsv7M4_T_le_v4SPD16_eabi.lib : errno.c.obj (.data)
                  200012cc    00000001     Timer.obj (.data)

.stack     0    20000270    00001000     UNINITIALIZED
                  20000270    00000004     rtsv7M4_T_le_v4SPD16_eabi.lib : boot_cortex_m.c.obj (.stack)
                  20000274    00000ffc     --HOLE--

__llvm_prf_cnts 
*          0    20000000    00000000     UNINITIALIZED

MODULE SUMMARY

       Module                         code   ro data   rw data
       ------                         ----   -------   -------
    .\
       lcd.obj                        824    8         84     
       tm4c123gh6pm_startup_ccs.obj   12     620       0      
       Timer.obj                      584    0         5      
       helloworld.obj                 120    54        0      
    +--+------------------------------+------+---------+---------+
       Total:                         1540   682       89     
                                                              
    C:/ti/TivaWare_C_Series-2.2.0.295/driverlib/ccs/Debug/driverlib.lib
       interrupt.obj                  52     0         620    
    +--+------------------------------+------+---------+---------+
       Total:                         52     0         620    
                                                              
    C:\ti\ccs1200\ccs\tools\compiler\ti-cgt-arm_20.2.6.LTS\lib\rtsv7M4_T_le_v4SPD16_eabi.lib
       _printfi.c.obj                 4851   0         0      
       fd_add_t2.asm.obj              438    0         0      
       fd_div_t2.asm.obj              310    0         0      
       s_scalbn.c.obj                 272    0         0      
       fd_cmp_t2.asm.obj              268    0         0      
       ctype.c.obj                    0      257       0      
       fd_mul_t2.asm.obj              252    0         0      
       memcpy_t2.asm.obj              156    0         0      
       ull_div_t2.asm.obj             150    0         0      
       vsnprintf.c.obj                136    0         0      
       memset_t2.asm.obj              122    0         0      
       copy_decompress_lzss.c.obj     104    0         0      
       s_frexp.c.obj                  100    0         0      
       _ltoa.c.obj                    84     0         0      
       atoi.c.obj                     76     0         0      
       fd_toi_t2.asm.obj              72     0         0      
       autoinit.c.obj                 68     0         0      
       boot_cortex_m.c.obj            52     0         0      
       i_tofd_t2.asm.obj              46     0         0      
       copy_zero_init.c.obj           28     0         0      
       memccpy.c.obj                  28     0         0      
       s_copysign.c.obj               26     0         0      
       strcmp.c.obj                   24     0         0      
       strchr.c.obj                   22     0         0      
       strcpy.c.obj                   20     0         0      
       strlen.c.obj                   20     0         0      
       wcslen.c.obj                   18     0         0      
       copy_decompress_none.c.obj     14     0         0      
       errno.c.obj                    8      0         4      
       exit.c.obj                     4      0         0      
       pre_init.c.obj                 4      0         0      
       div0.asm.obj                   2      0         0      
    +--+------------------------------+------+---------+---------+
       Total:                         7775   257       4      
                                                              
       Stack:                         0      0         4096   
       Linker Generated:              0      59        0      
    +--+------------------------------+------+---------+---------+
       Grand Total:                   9367   998       4809   


LINKER GENERATED COPY TABLES

__TI_cinit_table @ 00002878 records: 3, size/record: 8, table size: 24
	.bss: load addr=00002860, load size=00000008 bytes, run addr=20001270, run size=00000058 bytes, compression=zero_init
	.vtable: load addr=00002868, load size=00000008 bytes, run addr=20000000, run size=0000026c bytes, compression=zero_init
	.data: load addr=00002870, load size=00000007 bytes, run addr=200012c8, run size=00000005 bytes, compression=lzss


LINKER GENERATED HANDLER TABLE

__TI_handler_table @ 00002850 records: 3, size/record: 4, table size: 12
	index: 0, handler: __TI_zero_init
	index: 1, handler: __TI_decompress_lzss
	index: 2, handler: __TI_decompress_none


GLOBAL SYMBOLS: SORTED ALPHABETICALLY BY Name 

address   name                          
-------   ----                          
0000270d  C$$EXIT                       
0000253d  IntRegister                   
000026f3  ResetISR                      
20001270  __STACK_END                   
00001000  __STACK_SIZE                  
20000470  __STACK_TOP                   
00002878  __TI_CINIT_Base               
00002890  __TI_CINIT_Limit              
00002850  __TI_Handler_Table_Base       
0000285c  __TI_Handler_Table_Limit      
00002479  __TI_auto_init_nobinit_nopinit
0000221b  __TI_decompress_lzss          
000026e5  __TI_decompress_none          
0000233f  __TI_ltoa                     
ffffffff  __TI_pprof_out_hndl           
0000026d  __TI_printfi                  
ffffffff  __TI_prof_data_size           
ffffffff  __TI_prof_data_start          
00000000  __TI_static_base__            
00002603  __TI_zero_init_nomemset       
00001fad  __aeabi_cdcmpeq               
00001fad  __aeabi_cdcmple               
00002033  __aeabi_cdrcmple              
00002431  __aeabi_d2iz                  
00001677  __aeabi_dadd                  
00001961  __aeabi_ddiv                  
00001ccd  __aeabi_dmul                  
0000166d  __aeabi_dsub                  
00002701  __aeabi_errno_addr            
000025d5  __aeabi_i2d                   
00000cbb  __aeabi_idiv0                 
00000cbb  __aeabi_ldiv0                 
000020b9  __aeabi_memclr                
000020b9  __aeabi_memclr4               
000020b9  __aeabi_memclr8               
00001e7b  __aeabi_memcpy                
00001e7b  __aeabi_memcpy4               
00001e7b  __aeabi_memcpy8               
000020bb  __aeabi_memset                
000020bb  __aeabi_memset4               
000020bb  __aeabi_memset8               
00001f17  __aeabi_uldivmod              
ffffffff  __binit__                     
ffffffff  __c_args__                    
UNDEFED   __mpu_init                    
20000270  __stack                       
20000000  __start___llvm_prf_cnts       
20000000  __stop___llvm_prf_cnts        
00002571  _c_int00_noargs               
00002710  _ctypes_                      
200012cc  _running                      
UNDEFED   _system_post_cinit            
00002709  _system_pre_init              
200012c4  _timeout_ticks                
0000270d  abort                         
000023e5  atoi                          
ffffffff  binit                         
0000263b  copysign                      
0000263b  copysignl                     
200012c8  errno                         
00002285  frexp                         
00002285  frexpl                        
20000000  g_pfnRAMVectors               
00000000  g_pfnVectors                  
000026d5  lcd_clear                     
00000e91  lcd_gotoLine                  
00000cf9  lcd_init                      
00000ef7  lcd_printf                    
00000db9  lcd_putc                      
00000df1  lcd_puts                      
00000cbd  lcd_reverseNibble             
00000e0f  lcd_sendCommand               
00000e4d  lcd_sendNibble                
00000eb9  lcd_setCursorPos              
00001bbd  ldexp                         
00001bbd  ldexpl                        
00002135  main                          
0000261f  memccpy                       
00001e7b  memcpy                        
000020c1  memset                        
00001bbd  scalbn                        
00001bbd  scalbnl                       
00002685  strchr                        
0000266d  strcmp                        
0000269b  strcpy                        
000026af  strlen                        
00001373  timer_getMicros               
0000131b  timer_getMillis               
00001255  timer_init                    
000012f7  timer_pause                   
00001309  timer_resume                  
000012cd  timer_stop                    
000013cd  timer_waitMicros              
000013ff  timer_waitMillis              
000024bd  vsnprintf                     
000026c3  wcslen                        


GLOBAL SYMBOLS: SORTED BY Symbol Address 

address   name                          
-------   ----                          
00000000  __TI_static_base__            
00000000  g_pfnVectors                  
0000026d  __TI_printfi                  
00000cbb  __aeabi_idiv0                 
00000cbb  __aeabi_ldiv0                 
00000cbd  lcd_reverseNibble             
00000cf9  lcd_init                      
00000db9  lcd_putc                      
00000df1  lcd_puts                      
00000e0f  lcd_sendCommand               
00000e4d  lcd_sendNibble                
00000e91  lcd_gotoLine                  
00000eb9  lcd_setCursorPos              
00000ef7  lcd_printf                    
00001000  __STACK_SIZE                  
00001255  timer_init                    
000012cd  timer_stop                    
000012f7  timer_pause                   
00001309  timer_resume                  
0000131b  timer_getMillis               
00001373  timer_getMicros               
000013cd  timer_waitMicros              
000013ff  timer_waitMillis              
0000166d  __aeabi_dsub                  
00001677  __aeabi_dadd                  
00001961  __aeabi_ddiv                  
00001bbd  ldexp                         
00001bbd  ldexpl                        
00001bbd  scalbn                        
00001bbd  scalbnl                       
00001ccd  __aeabi_dmul                  
00001e7b  __aeabi_memcpy                
00001e7b  __aeabi_memcpy4               
00001e7b  __aeabi_memcpy8               
00001e7b  memcpy                        
00001f17  __aeabi_uldivmod              
00001fad  __aeabi_cdcmpeq               
00001fad  __aeabi_cdcmple               
00002033  __aeabi_cdrcmple              
000020b9  __aeabi_memclr                
000020b9  __aeabi_memclr4               
000020b9  __aeabi_memclr8               
000020bb  __aeabi_memset                
000020bb  __aeabi_memset4               
000020bb  __aeabi_memset8               
000020c1  memset                        
00002135  main                          
0000221b  __TI_decompress_lzss          
00002285  frexp                         
00002285  frexpl                        
0000233f  __TI_ltoa                     
000023e5  atoi                          
00002431  __aeabi_d2iz                  
00002479  __TI_auto_init_nobinit_nopinit
000024bd  vsnprintf                     
0000253d  IntRegister                   
00002571  _c_int00_noargs               
000025d5  __aeabi_i2d                   
00002603  __TI_zero_init_nomemset       
0000261f  memccpy                       
0000263b  copysign                      
0000263b  copysignl                     
0000266d  strcmp                        
00002685  strchr                        
0000269b  strcpy                        
000026af  strlen                        
000026c3  wcslen                        
000026d5  lcd_clear                     
000026e5  __TI_decompress_none          
000026f3  ResetISR                      
00002701  __aeabi_errno_addr            
00002709  _system_pre_init              
0000270d  C$$EXIT                       
0000270d  abort                         
00002710  _ctypes_                      
00002850  __TI_Handler_Table_Base       
0000285c  __TI_Handler_Table_Limit      
00002878  __TI_CINIT_Base               
00002890  __TI_CINIT_Limit              
20000000  __start___llvm_prf_cnts       
20000000  __stop___llvm_prf_cnts        
20000000  g_pfnRAMVectors               
20000270  __stack                       
20000470  __STACK_TOP                   
20001270  __STACK_END                   
200012c4  _timeout_ticks                
200012c8  errno                         
200012cc  _running                      
ffffffff  __TI_pprof_out_hndl           
ffffffff  __TI_prof_data_size           
ffffffff  __TI_prof_data_start          
ffffffff  __binit__                     
ffffffff  __c_args__                    
ffffffff  binit                         
UNDEFED   __mpu_init                    
UNDEFED   _system_post_cinit            

[96 symbols]
