******************************************************************************
                  TI ARM Linker PC v20.2.6                     
******************************************************************************
>> Linked Thu May  4 20:08:18 2023

OUTPUT FILE NAME:   <LabProject.out>
ENTRY POINT SYMBOL: "_c_int00_noargs"  address: 000062d1


MEMORY CONFIGURATION

         name            origin    length      used     unused   attr    fill
----------------------  --------  ---------  --------  --------  ----  --------
  FLASH                 00000000   00040000  00006a11  000395ef  R  X
  SRAM                  20000000   00008000  0000231c  00005ce4  RW X


SEGMENT ALLOCATION MAP

run origin  load origin   length   init length attrs members
----------  ----------- ---------- ----------- ----- -------
00000000    00000000    00006a18   00006a18    r-x
  00000000    00000000    0000026c   0000026c    r-- .intvecs
  0000026c    0000026c    000062c8   000062c8    r-x .text
  00006538    00006538    0000048d   0000048d    r-- .const
  000069c8    000069c8    00000050   00000050    r-- .cinit
20000000    20000000    00002320   00000000    rw-
  20000000    20000000    0000026c   00000000    rw- .vtable
  20000270    20000270    00001000   00000000    rw- .stack
  20001270    20001270    00001000   00000000    rw- .sysmem
  20002270    20002270    00000070   00000000    rw- .bss
  200022e0    200022e0    00000040   00000000    rw- .data


SECTION ALLOCATION MAP

 output                                  attributes/
section   page    origin      length       input sections
--------  ----  ----------  ----------   ----------------
.intvecs   0    00000000    0000026c     
                  00000000    0000026c     tm4c123gh6pm_startup_ccs.obj (.intvecs)

.text      0    0000026c    000062c8     
                  0000026c    00000c20     open_interface.obj (.text)
                  00000e8c    00000a4e     rtsv7M4_T_le_v4SPD16_eabi.lib : _printfi.c.obj (.text:__TI_printfi)
                  000018da    00000002                                   : _lock.c.obj (.text:_nop)
                  000018dc    000009d0                                   : e_pow.c.obj (.text:pow)
                  000022ac    000009cc     main.obj (.text)
                  00002c78    00000738     rtsv7M4_T_le_v4SPD16_eabi.lib : k_rem_pio2.c.obj (.text:__kernel_rem_pio2)
                  000033b0    00000508                                   : s_tan.c.obj (.text:tan)
                  000038b8    00000328     lcd.obj (.text)
                  00003be0    0000031c     rtsv7M4_T_le_v4SPD16_eabi.lib : k_tan.c.obj (.text:__kernel_tan)
                  00003efc    000002ec     movement.obj (.text)
                  000041e8    00000278     ping.obj (.text)
                  00004460    00000270     rtsv7M4_T_le_v4SPD16_eabi.lib : _printfi.c.obj (.text:_pconv_a)
                  000046d0    00000248     Timer.obj (.text)
                  00004918    000001d0     rtsv7M4_T_le_v4SPD16_eabi.lib : _printfi.c.obj (.text:_pconv_g)
                  00004ae8    000001b6                                   : fd_add_t2.asm.obj (.text)
                  00004c9e    00000002                                   : div0.asm.obj (.text)
                  00004ca0    00000158                                   : e_sqrt.c.obj (.text:sqrt)
                  00004df8    00000144     uart.obj (.text)
                  00004f3c    0000013c     rtsv7M4_T_le_v4SPD16_eabi.lib : _printfi.c.obj (.text:_pconv_e)
                  00005078    00000136                                   : fd_div_t2.asm.obj (.text)
                  000051ae    00000002     --HOLE-- [fill = 0]
                  000051b0    00000134     servo.obj (.text)
                  000052e4    00000124     adc.obj (.text)
                  00005408    00000124     rtsv7M4_T_le_v4SPD16_eabi.lib : _printfi.c.obj (.text:fcvt)
                  0000552c    00000110                                   : s_scalbn.c.obj (.text:scalbn)
                  0000563c    00000100                                   : memory.c.obj (.text:aligned_alloc)
                  0000573c    000000fc                                   : fd_mul_t2.asm.obj (.text)
                  00005838    000000f8                                   : s_floor.c.obj (.text:floor)
                  00005930    000000e4                                   : memory.c.obj (.text:free)
                  00005a14    000000b1                                   : _printfi.c.obj (.text:_ltostr)
                  00005ac5    00000001     --HOLE-- [fill = 0]
                  00005ac6    0000009c                                   : memcpy_t2.asm.obj (.text)
                  00005b62    00000096                                   : ull_div_t2.asm.obj (.text)
                  00005bf8    00000086                                   : fd_cmp_t2.asm.obj (.text:__aeabi_cdcmple)
                  00005c7e    00000086                                   : fd_cmp_t2.asm.obj (.text:__aeabi_cdrcmple)
                  00005d04    0000007a                                   : memset_t2.asm.obj (.text)
                  00005d7e    00000002     --HOLE-- [fill = 0]
                  00005d80    00000070                                   : memory.c.obj (.text:split)
                  00005df0    0000006e                                   : _printfi.c.obj (.text:_mcpy)
                  00005e5e    0000006e                                   : fd_tos_t2.asm.obj (.text)
                  00005ecc    00000068                                   : copy_decompress_lzss.c.obj (.text:decompress:lzss:__TI_decompress_lzss)
                  00005f34    00000064                                   : s_frexp.c.obj (.text:frexp)
                  00005f98    00000056                                   : _printfi.c.obj (.text:_pconv_f)
                  00005fee    00000054                                   : _ltoa.c.obj (.text:__TI_ltoa)
                  00006042    00000052                                   : _printfi.c.obj (.text:_ecpy)
                  00006094    0000004c                                   : atoi.c.obj (.text:atoi)
                  000060e0    00000048                                   : fd_toi_t2.asm.obj (.text)
                  00006128    00000044                                   : autoinit.c.obj (.text:__TI_auto_init_nobinit_nopinit:__TI_auto_init_nobinit_nopinit)
                  0000616c    00000040                                   : sprintf.c.obj (.text:sprintf)
                  000061ac    00000040                                   : vsnprintf.c.obj (.text:vsnprintf)
                  000061ec    0000003e                                   : _printfi.c.obj (.text:_fcpy)
                  0000622a    00000002     --HOLE-- [fill = 0]
                  0000622c    00000038                                   : memory.c.obj (.text:calloc)
                  00006264    00000038                                   : fs_tod_t2.asm.obj (.text)
                  0000629c    00000034     driverlib.lib : interrupt.obj (.text:IntRegister)
                  000062d0    00000034     rtsv7M4_T_le_v4SPD16_eabi.lib : boot_cortex_m.c.obj (.text:_c_int00_noargs:_c_int00_noargs)
                  00006304    00000030                                   : vsnprintf.c.obj (.text:_outs)
                  00006334    0000002e                                   : i_tofd_t2.asm.obj (.text)
                  00006362    00000002     --HOLE-- [fill = 0]
                  00006364    00000028                                   : memory.c.obj (.text:free_list_insert)
                  0000638c    00000020                                   : u_tofd_t2.asm.obj (.text)
                  000063ac    0000001c                                   : copy_zero_init.c.obj (.text:decompress:ZI:__TI_zero_init_nomemset:__TI_zero_init_nomemset)
                  000063c8    0000001c                                   : memory.c.obj (.text:free_list_remove)
                  000063e4    0000001c                                   : memccpy.c.obj (.text:memccpy)
                  00006400    0000001a                                   : s_copysign.c.obj (.text:copysign)
                  0000641a    00000018                                   : vsnprintf.c.obj (.text:_outc)
                  00006432    00000018                                   : sprintf.c.obj (.text:_outs)
                  0000644a    00000018     open_interface.obj (.text:oi_parseInt)
                  00006462    00000018     rtsv7M4_T_le_v4SPD16_eabi.lib : strcmp.c.obj (.text:strcmp)
                  0000647a    00000016                                   : strchr.c.obj (.text:strchr)
                  00006490    00000014                                   : strcpy.c.obj (.text:strcpy)
                  000064a4    00000014                                   : strlen.c.obj (.text:strlen)
                  000064b8    00000012                                   : wcslen.c.obj (.text:wcslen)
                  000064ca    00000010     driverlib.lib : interrupt.obj (.text:IntMasterEnable)
                  000064da    00000010     lcd.obj (.text:lcd_clear)
                  000064ea    0000000e     rtsv7M4_T_le_v4SPD16_eabi.lib : copy_decompress_none.c.obj (.text:decompress:none:__TI_decompress_none)
                  000064f8    0000000c     driverlib.lib : cpu.obj (.text:CPUcpsie)
                  00006504    0000000c     tm4c123gh6pm_startup_ccs.obj (.text)
                  00006510    0000000a     rtsv7M4_T_le_v4SPD16_eabi.lib : sprintf.c.obj (.text:_outc)
                  0000651a    00000002     --HOLE-- [fill = 0]
                  0000651c    00000008                                   : errno.c.obj (.text:__aeabi_errno_addr)
                  00006524    00000008                                   : memory.c.obj (.text:malloc)
                  0000652c    00000004                                   : pre_init.c.obj (.text:_system_pre_init)
                  00006530    00000004                                   : exit.c.obj (.text:abort:abort)

.const     0    00006538    0000048d     
                  00006538    00000158     rtsv7M4_T_le_v4SPD16_eabi.lib : k_rem_pio2.c.obj (.const:$O1$$)
                  00006690    00000101                                   : ctype.c.obj (.const:.string:_ctypes_)
                  00006791    00000004     lcd.obj (.const:.string:lineAddress$1)
                  00006795    00000003     --HOLE-- [fill = 0]
                  00006798    00000080     rtsv7M4_T_le_v4SPD16_eabi.lib : k_tan.c.obj (.const:xxx)
                  00006818    00000050     main.obj (.const:$P$T10$11)
                  00006868    00000050     main.obj (.const:$P$T8$9)
                  000068b8    00000050     main.obj (.const:$P$T9$10)
                  00006908    00000030     rtsv7M4_T_le_v4SPD16_eabi.lib : e_pow.c.obj (.const:$O1$$)
                  00006938    00000010     main.obj (.const:.string:$P$T0$1)
                  00006948    00000010     main.obj (.const:.string:$P$T1$2)
                  00006958    00000010     main.obj (.const:.string:$P$T4$5)
                  00006968    00000010     main.obj (.const:.string:$P$T5$6)
                  00006978    0000000f     open_interface.obj (.const:.string:$P$T0$3)
                  00006987    0000000f     main.obj (.const:.string:$P$T2$3)
                  00006996    0000000f     main.obj (.const:.string:$P$T3$4)
                  000069a5    0000000e     main.obj (.const:.string:$P$T6$7)
                  000069b3    0000000e     main.obj (.const:.string:$P$T7$8)
                  000069c1    00000004     lcd.obj (.const:.string:lineAddresses$2)

.cinit     0    000069c8    00000050     
                  000069c8    00000019     (.cinit..data.load) [load image, compression = lzss]
                  000069e1    00000003     --HOLE-- [fill = 0]
                  000069e4    0000000c     (__TI_handler_table)
                  000069f0    00000008     (.cinit..bss.load) [load image, compression = zero_init]
                  000069f8    00000008     (.cinit..vtable.load) [load image, compression = zero_init]
                  00006a00    00000018     (__TI_cinit_table)

.init_array 
*          0    00000000    00000000     UNINITIALIZED

.vtable    0    20000000    0000026c     UNINITIALIZED
                  20000000    0000026c     driverlib.lib : interrupt.obj (.vtable)

.stack     0    20000270    00001000     UNINITIALIZED
                  20000270    00000004     rtsv7M4_T_le_v4SPD16_eabi.lib : boot_cortex_m.c.obj (.stack)
                  20000274    00000ffc     --HOLE--

.sysmem    0    20001270    00001000     UNINITIALIZED
                  20001270    00000010     rtsv7M4_T_le_v4SPD16_eabi.lib : memory.c.obj (.sysmem)
                  20001280    00000ff0     --HOLE--

.bss       0    20002270    00000070     UNINITIALIZED
                  20002270    00000054     lcd.obj (.bss:lastbuffer$3)
                  200022c4    00000018     open_interface.obj (.bss:firmware$2)
                  200022dc    00000004     (.common:_timeout_ticks)

.data      0    200022e0    00000040     UNINITIALIZED
                  200022e0    00000020     open_interface.obj (.data)
                  20002300    00000009     ping.obj (.data)
                  20002309    00000001     Timer.obj (.data)
                  2000230a    00000001     adc.obj (.data)
                  2000230b    00000001     --HOLE--
                  2000230c    00000008     rtsv7M4_T_le_v4SPD16_eabi.lib : _lock.c.obj (.data:$O1$$)
                  20002314    00000008                                   : memory.c.obj (.data:$O1$$)
                  2000231c    00000004                                   : errno.c.obj (.data)

__llvm_prf_cnts 
*          0    20000000    00000000     UNINITIALIZED

MODULE SUMMARY

       Module                         code    ro data   rw data
       ------                         ----    -------   -------
    .\
       open_interface.obj             3128    15        56     
       main.obj                       2508    362       0      
       lcd.obj                        824     8         84     
       movement.obj                   748     0         0      
       ping.obj                       632     0         9      
       tm4c123gh6pm_startup_ccs.obj   12      620       0      
       Timer.obj                      584     0         5      
       uart.obj                       324     0         0      
       servo.obj                      308     0         0      
       adc.obj                        292     0         1      
    +--+------------------------------+-------+---------+---------+
       Total:                         9360    1005      155    
                                                               
    C:/ti/TivaWare_C_Series-2.2.0.295/driverlib/ccs/Debug/driverlib.lib
       interrupt.obj                  68      0         620    
       cpu.obj                        12      0         0      
    +--+------------------------------+-------+---------+---------+
       Total:                         80      0         620    
                                                               
    C:\ti\ccs1200\ccs\tools\compiler\ti-cgt-arm_20.2.6.LTS\lib\rtsv7M4_T_le_v4SPD16_eabi.lib
       _printfi.c.obj                 4851    0         0      
       e_pow.c.obj                    2512    48        0      
       k_rem_pio2.c.obj               1848    344       0      
       s_tan.c.obj                    1288    0         0      
       k_tan.c.obj                    796     128       0      
       memory.c.obj                   728     0         8      
       fd_add_t2.asm.obj              438     0         0      
       e_sqrt.c.obj                   344     0         0      
       fd_div_t2.asm.obj              310     0         0      
       s_scalbn.c.obj                 272     0         0      
       fd_cmp_t2.asm.obj              268     0         0      
       ctype.c.obj                    0       257       0      
       fd_mul_t2.asm.obj              252     0         0      
       s_floor.c.obj                  248     0         0      
       memcpy_t2.asm.obj              156     0         0      
       ull_div_t2.asm.obj             150     0         0      
       vsnprintf.c.obj                136     0         0      
       memset_t2.asm.obj              122     0         0      
       fd_tos_t2.asm.obj              110     0         0      
       copy_decompress_lzss.c.obj     104     0         0      
       s_frexp.c.obj                  100     0         0      
       sprintf.c.obj                  98      0         0      
       _ltoa.c.obj                    84      0         0      
       atoi.c.obj                     76      0         0      
       fd_toi_t2.asm.obj              72      0         0      
       autoinit.c.obj                 68      0         0      
       fs_tod_t2.asm.obj              56      0         0      
       boot_cortex_m.c.obj            52      0         0      
       i_tofd_t2.asm.obj              46      0         0      
       u_tofd_t2.asm.obj              32      0         0      
       copy_zero_init.c.obj           28      0         0      
       memccpy.c.obj                  28      0         0      
       s_copysign.c.obj               26      0         0      
       strcmp.c.obj                   24      0         0      
       strchr.c.obj                   22      0         0      
       strcpy.c.obj                   20      0         0      
       strlen.c.obj                   20      0         0      
       wcslen.c.obj                   18      0         0      
       copy_decompress_none.c.obj     14      0         0      
       errno.c.obj                    8       0         4      
       _lock.c.obj                    2       0         8      
       exit.c.obj                     4       0         0      
       pre_init.c.obj                 4       0         0      
       div0.asm.obj                   2       0         0      
    +--+------------------------------+-------+---------+---------+
       Total:                         15837   777       20     
                                                               
       Heap:                          0       0         4096   
       Stack:                         0       0         4096   
       Linker Generated:              0       77        0      
    +--+------------------------------+-------+---------+---------+
       Grand Total:                   25277   1859      8987   


LINKER GENERATED COPY TABLES

__TI_cinit_table @ 00006a00 records: 3, size/record: 8, table size: 24
	.data: load addr=000069c8, load size=00000019 bytes, run addr=200022e0, run size=00000040 bytes, compression=lzss
	.bss: load addr=000069f0, load size=00000008 bytes, run addr=20002270, run size=00000070 bytes, compression=zero_init
	.vtable: load addr=000069f8, load size=00000008 bytes, run addr=20000000, run size=0000026c bytes, compression=zero_init


LINKER GENERATED HANDLER TABLE

__TI_handler_table @ 000069e4 records: 3, size/record: 4, table size: 12
	index: 0, handler: __TI_zero_init
	index: 1, handler: __TI_decompress_lzss
	index: 2, handler: __TI_decompress_none


GLOBAL SYMBOLS: SORTED ALPHABETICALLY BY Name 

address   name                          
-------   ----                          
00006531  C$$EXIT                       
000064f9  CPUcpsie                      
20002304  END_TIME                      
00000bc3  GPIOF_Handler                 
000064cb  IntMasterEnable               
0000629d  IntRegister                   
00006505  ResetISR                      
20002300  START_TIME                    
20002308  STATE                         
0000433b  TIMER3B_Handler               
20001270  __STACK_END                   
00001000  __STACK_SIZE                  
20000470  __STACK_TOP                   
00001000  __SYSMEM_SIZE                 
00006a00  __TI_CINIT_Base               
00006a18  __TI_CINIT_Limit              
000069e4  __TI_Handler_Table_Base       
000069f0  __TI_Handler_Table_Limit      
00006129  __TI_auto_init_nobinit_nopinit
00005ecd  __TI_decompress_lzss          
000064eb  __TI_decompress_none          
00005fef  __TI_ltoa                     
ffffffff  __TI_pprof_out_hndl           
00000e8d  __TI_printfi                  
ffffffff  __TI_prof_data_size           
ffffffff  __TI_prof_data_start          
00000000  __TI_static_base__            
000063ad  __TI_zero_init_nomemset       
00005bf9  __aeabi_cdcmpeq               
00005bf9  __aeabi_cdcmple               
00005c7f  __aeabi_cdrcmple              
00005e5f  __aeabi_d2f                   
000060e1  __aeabi_d2iz                  
00004af3  __aeabi_dadd                  
00005079  __aeabi_ddiv                  
0000573d  __aeabi_dmul                  
00004ae9  __aeabi_dsub                  
0000651d  __aeabi_errno_addr            
00006265  __aeabi_f2d                   
00006335  __aeabi_i2d                   
00004c9f  __aeabi_idiv0                 
00004c9f  __aeabi_ldiv0                 
00005d05  __aeabi_memclr                
00005d05  __aeabi_memclr4               
00005d05  __aeabi_memclr8               
00005ac7  __aeabi_memcpy                
00005ac7  __aeabi_memcpy4               
00005ac7  __aeabi_memcpy8               
00005d07  __aeabi_memset                
00005d07  __aeabi_memset4               
00005d07  __aeabi_memset8               
0000638d  __aeabi_ui2d                  
00005b63  __aeabi_uldivmod              
ffffffff  __binit__                     
ffffffff  __c_args__                    
00002c79  __kernel_rem_pio2             
00003be1  __kernel_tan                  
UNDEFED   __mpu_init                    
20000270  __stack                       
20000000  __start___llvm_prf_cnts       
20000000  __stop___llvm_prf_cnts        
000062d1  _c_int00_noargs               
00006690  _ctypes_                      
2000230c  _lock                         
000018db  _nop                          
20002309  _running                      
20001270  _sys_memory                   
UNDEFED   _system_post_cinit            
0000652d  _system_pre_init              
200022dc  _timeout_ticks                
20002310  _unlock                       
00006531  abort                         
000052e5  adc_init                      
0000538d  adc_read                      
0000563d  aligned_alloc                 
00006095  atoi                          
ffffffff  binit                         
0000622d  calloc                        
00006401  copysign                      
00006401  copysignl                     
2000231c  errno                         
00005839  floor                         
00005839  floorl                        
00005931  free                          
00005f35  frexp                         
00005f35  frexpl                        
20000000  g_pfnRAMVectors               
00000000  g_pfnVectors                  
0000097f  go_charge                     
000064db  lcd_clear                     
00003a8d  lcd_gotoLine                  
000038f5  lcd_init                      
00003af3  lcd_printf                    
000039b5  lcd_putc                      
000039ed  lcd_puts                      
000038b9  lcd_reverseNibble             
00003a0b  lcd_sendCommand               
00003a49  lcd_sendNibble                
00003ab5  lcd_setCursorPos              
0000552d  ldexp                         
0000552d  ldexpl                        
00002381  main                          
00006525  malloc                        
0000563d  memalign                      
000063e5  memccpy                       
00005ac7  memcpy                        
00005d0d  memset                        
200022e0  motor_cal_factor_L            
200022e4  motor_cal_factor_R            
00004167  move_backward                 
00003efd  move_forward                  
000022ad  music                         
0000026d  oi_alloc                      
00000aa9  oi_checkFirmware              
000002c7  oi_close                      
00000279  oi_free                       
00000ded  oi_getMotorCalibrationLeft    
00000e01  oi_getMotorCalibrationRight   
000002b1  oi_init                       
00000289  oi_init_noupdate              
00000915  oi_loadSong                   
0000644b  oi_parseInt                   
0000032b  oi_parsePacket                
0000096b  oi_play_song                  
0000084b  oi_setLeds                    
00000db1  oi_setMotorCalibration        
0000088f  oi_setWheels                  
00000b51  oi_shutoff_init               
0000098d  oi_uartInit                   
00000a31  oi_uartReceive                
00000a77  oi_uartSendBuff               
00000a15  oi_uartSendChar               
00000a59  oi_uartSendStr                
000002d9  oi_update                     
0000437b  ping_getDistance              
000041e9  ping_init                     
000042c1  ping_trigger                  
00002337  play                          
00002341  play1                         
0000234b  play2                         
00002355  play3                         
000018dd  pow                           
000018dd  powl                          
0000552d  scalbn                        
0000552d  scalbnl                       
000051b1  servo_init                    
00005237  servo_move                    
0000616d  sprintf                       
00004ca1  sqrt                          
00004ca1  sqrtl                         
0000647b  strchr                        
00006463  strcmp                        
00006491  strcpy                        
000064a5  strlen                        
000033b1  tan                           
000033b1  tanl                          
000047ef  timer_getMicros               
00004797  timer_getMillis               
000046d1  timer_init                    
00004773  timer_pause                   
00004785  timer_resume                  
00004749  timer_stop                    
00004849  timer_waitMicros              
0000487b  timer_waitMillis              
00004101  turn_left                     
0000409b  turn_right                    
00004df9  uart_init                     
00004ecd  uart_receive                  
00004ea3  uart_receive_nonblocking      
00004e87  uart_sendChar                 
00004efb  uart_sendStr                  
000061ad  vsnprintf                     
000064b9  wcslen                        


GLOBAL SYMBOLS: SORTED BY Symbol Address 

address   name                          
-------   ----                          
00000000  __TI_static_base__            
00000000  g_pfnVectors                  
0000026d  oi_alloc                      
00000279  oi_free                       
00000289  oi_init_noupdate              
000002b1  oi_init                       
000002c7  oi_close                      
000002d9  oi_update                     
0000032b  oi_parsePacket                
0000084b  oi_setLeds                    
0000088f  oi_setWheels                  
00000915  oi_loadSong                   
0000096b  oi_play_song                  
0000097f  go_charge                     
0000098d  oi_uartInit                   
00000a15  oi_uartSendChar               
00000a31  oi_uartReceive                
00000a59  oi_uartSendStr                
00000a77  oi_uartSendBuff               
00000aa9  oi_checkFirmware              
00000b51  oi_shutoff_init               
00000bc3  GPIOF_Handler                 
00000db1  oi_setMotorCalibration        
00000ded  oi_getMotorCalibrationLeft    
00000e01  oi_getMotorCalibrationRight   
00000e8d  __TI_printfi                  
00001000  __STACK_SIZE                  
00001000  __SYSMEM_SIZE                 
000018db  _nop                          
000018dd  pow                           
000018dd  powl                          
000022ad  music                         
00002337  play                          
00002341  play1                         
0000234b  play2                         
00002355  play3                         
00002381  main                          
00002c79  __kernel_rem_pio2             
000033b1  tan                           
000033b1  tanl                          
000038b9  lcd_reverseNibble             
000038f5  lcd_init                      
000039b5  lcd_putc                      
000039ed  lcd_puts                      
00003a0b  lcd_sendCommand               
00003a49  lcd_sendNibble                
00003a8d  lcd_gotoLine                  
00003ab5  lcd_setCursorPos              
00003af3  lcd_printf                    
00003be1  __kernel_tan                  
00003efd  move_forward                  
0000409b  turn_right                    
00004101  turn_left                     
00004167  move_backward                 
000041e9  ping_init                     
000042c1  ping_trigger                  
0000433b  TIMER3B_Handler               
0000437b  ping_getDistance              
000046d1  timer_init                    
00004749  timer_stop                    
00004773  timer_pause                   
00004785  timer_resume                  
00004797  timer_getMillis               
000047ef  timer_getMicros               
00004849  timer_waitMicros              
0000487b  timer_waitMillis              
00004ae9  __aeabi_dsub                  
00004af3  __aeabi_dadd                  
00004c9f  __aeabi_idiv0                 
00004c9f  __aeabi_ldiv0                 
00004ca1  sqrt                          
00004ca1  sqrtl                         
00004df9  uart_init                     
00004e87  uart_sendChar                 
00004ea3  uart_receive_nonblocking      
00004ecd  uart_receive                  
00004efb  uart_sendStr                  
00005079  __aeabi_ddiv                  
000051b1  servo_init                    
00005237  servo_move                    
000052e5  adc_init                      
0000538d  adc_read                      
0000552d  ldexp                         
0000552d  ldexpl                        
0000552d  scalbn                        
0000552d  scalbnl                       
0000563d  aligned_alloc                 
0000563d  memalign                      
0000573d  __aeabi_dmul                  
00005839  floor                         
00005839  floorl                        
00005931  free                          
00005ac7  __aeabi_memcpy                
00005ac7  __aeabi_memcpy4               
00005ac7  __aeabi_memcpy8               
00005ac7  memcpy                        
00005b63  __aeabi_uldivmod              
00005bf9  __aeabi_cdcmpeq               
00005bf9  __aeabi_cdcmple               
00005c7f  __aeabi_cdrcmple              
00005d05  __aeabi_memclr                
00005d05  __aeabi_memclr4               
00005d05  __aeabi_memclr8               
00005d07  __aeabi_memset                
00005d07  __aeabi_memset4               
00005d07  __aeabi_memset8               
00005d0d  memset                        
00005e5f  __aeabi_d2f                   
00005ecd  __TI_decompress_lzss          
00005f35  frexp                         
00005f35  frexpl                        
00005fef  __TI_ltoa                     
00006095  atoi                          
000060e1  __aeabi_d2iz                  
00006129  __TI_auto_init_nobinit_nopinit
0000616d  sprintf                       
000061ad  vsnprintf                     
0000622d  calloc                        
00006265  __aeabi_f2d                   
0000629d  IntRegister                   
000062d1  _c_int00_noargs               
00006335  __aeabi_i2d                   
0000638d  __aeabi_ui2d                  
000063ad  __TI_zero_init_nomemset       
000063e5  memccpy                       
00006401  copysign                      
00006401  copysignl                     
0000644b  oi_parseInt                   
00006463  strcmp                        
0000647b  strchr                        
00006491  strcpy                        
000064a5  strlen                        
000064b9  wcslen                        
000064cb  IntMasterEnable               
000064db  lcd_clear                     
000064eb  __TI_decompress_none          
000064f9  CPUcpsie                      
00006505  ResetISR                      
0000651d  __aeabi_errno_addr            
00006525  malloc                        
0000652d  _system_pre_init              
00006531  C$$EXIT                       
00006531  abort                         
00006690  _ctypes_                      
000069e4  __TI_Handler_Table_Base       
000069f0  __TI_Handler_Table_Limit      
00006a00  __TI_CINIT_Base               
00006a18  __TI_CINIT_Limit              
20000000  __start___llvm_prf_cnts       
20000000  __stop___llvm_prf_cnts        
20000000  g_pfnRAMVectors               
20000270  __stack                       
20000470  __STACK_TOP                   
20001270  __STACK_END                   
20001270  _sys_memory                   
200022dc  _timeout_ticks                
200022e0  motor_cal_factor_L            
200022e4  motor_cal_factor_R            
20002300  START_TIME                    
20002304  END_TIME                      
20002308  STATE                         
20002309  _running                      
2000230c  _lock                         
20002310  _unlock                       
2000231c  errno                         
ffffffff  __TI_pprof_out_hndl           
ffffffff  __TI_prof_data_size           
ffffffff  __TI_prof_data_start          
ffffffff  __binit__                     
ffffffff  __c_args__                    
ffffffff  binit                         
UNDEFED   __mpu_init                    
UNDEFED   _system_post_cinit            

[173 symbols]
